Archive member included to satisfy reference by file (symbol)

C:\Users\Jared\Documents\GitHub\RRFBuild\CoreN2G\SAME5x_CAN_RTOS\libCoreN2G.a(./src/SPI/SharedSpiClient.o)
                              ./src/ClosedLoop/Encoders/SpiEncoder.o (SharedSpiClient::SharedSpiClient(SharedSpiDevice&, unsigned long, SpiMode, unsigned char, bool))
C:\Users\Jared\Documents\GitHub\RRFBuild\CoreN2G\SAME5x_CAN_RTOS\libCoreN2G.a(./src/SPI/SharedSpiDevice.o)
                              ./src/Platform/Platform.o (SharedSpiDevice::SharedSpiDevice(SpiParameters const&))
C:\Users\Jared\Documents\GitHub\RRFBuild\CoreN2G\SAME5x_CAN_RTOS\libCoreN2G.a(./src/SAME5x_C21/SAME5x/hpl/nvmctrl/hpl_nvmctrl.o)
                              ./src/Platform/Platform.o (_user_area_write)
C:\Users\Jared\Documents\GitHub\RRFBuild\CoreN2G\SAME5x_CAN_RTOS\libCoreN2G.a(./src/SAME5x_C21/SAME5x/AnalogIn.o)
                              ./src/Hardware/SAME5x_C21/SAME5x/Devices.o (TaskLoop)
C:\Users\Jared\Documents\GitHub\RRFBuild\CoreN2G\SAME5x_CAN_RTOS\libCoreN2G.a(./src/SAME5x_C21/SAME5x/Startup.o)
                              (Reset_Handler)
C:\Users\Jared\Documents\GitHub\RRFBuild\CoreN2G\SAME5x_CAN_RTOS\libCoreN2G.a(./src/SAME5x_C21/SAME5x/Vectors.o)
                              ./src/Platform/Platform.o (SystemCoreClock)
C:\Users\Jared\Documents\GitHub\RRFBuild\CoreN2G\SAME5x_CAN_RTOS\libCoreN2G.a(./src/SAME5x_C21/AnalogOut.o)
                              ./src/Hardware/SAME5x_C21/SAME5x/Devices.o (AnalogOut::Init())
C:\Users\Jared\Documents\GitHub\RRFBuild\CoreN2G\SAME5x_CAN_RTOS\libCoreN2G.a(./src/SAME5x_C21/AsyncSerial.o)
                              ./src/Platform/Platform.o (AsyncSerial::AsyncSerial(UartParameters const&))
C:\Users\Jared\Documents\GitHub\RRFBuild\CoreN2G\SAME5x_CAN_RTOS\libCoreN2G.a(./src/SAME5x_C21/Flash.o)
                              ./src/Platform/Tasks.o (Flash::Init())
C:\Users\Jared\Documents\GitHub\RRFBuild\CoreN2G\SAME5x_CAN_RTOS\libCoreN2G.a(./src/SAME5x_C21/Interrupts.o)
                              ./src/Hardware/IoPorts.o (AttachPinInterrupt(unsigned char, void (*)(CallbackParameter) noexcept, InterruptMode, CallbackParameter, bool))
C:\Users\Jared\Documents\GitHub\RRFBuild\CoreN2G\SAME5x_CAN_RTOS\libCoreN2G.a(./src/SAME5x_C21/Serial.o)
                              C:\Users\Jared\Documents\GitHub\RRFBuild\CoreN2G\SAME5x_CAN_RTOS\libCoreN2G.a(./src/SAME5x_C21/AsyncSerial.o) (Serial::InitUart(unsigned char, unsigned long, unsigned char, unsigned char, UartMode, bool))
C:\Users\Jared\Documents\GitHub\RRFBuild\CoreN2G\SAME5x_CAN_RTOS\libCoreN2G.a(./src/SAME5x_C21/SpiDevice.o)
                              C:\Users\Jared\Documents\GitHub\RRFBuild\CoreN2G\SAME5x_CAN_RTOS\libCoreN2G.a(./src/SPI/SharedSpiDevice.o) (SpiDevice::SpiDevice(SpiParameters const&))
C:\Users\Jared\Documents\GitHub\RRFBuild\CoreN2G\SAME5x_CAN_RTOS\libCoreN2G.a(./src/SAME5x_C21/Timers.o)
                              C:\Users\Jared\Documents\GitHub\RRFBuild\CoreN2G\SAME5x_CAN_RTOS\libCoreN2G.a(./src/SAME5x_C21/AnalogOut.o) (Timers::ChoosePrescaler(unsigned long, unsigned int, unsigned long&))
C:\Users\Jared\Documents\GitHub\RRFBuild\CoreN2G\SAME5x_CAN_RTOS\libCoreN2G.a(.)
                              ./src/Platform/Tasks.o (Cache::Init())
C:\Users\Jared\Documents\GitHub\RRFBuild\CoreN2G\SAME5x_CAN_RTOS\libCoreN2G.a(./src/CanDevice.o)
                              ./src/CAN/CanInterface.o (CanDevice::SetExtendedIdMask(unsigned long))
C:\Users\Jared\Documents\GitHub\RRFBuild\CoreN2G\SAME5x_CAN_RTOS\libCoreN2G.a(.)
                              ./src/Platform/Platform.o (DelayCycles)
C:\Users\Jared\Documents\GitHub\RRFBuild\CoreN2G\SAME5x_CAN_RTOS\libCoreN2G.a(.)
                              C:\Users\Jared\Documents\GitHub\RRFBuild\CoreN2G\SAME5x_CAN_RTOS\libCoreN2G.a(./src/SAME5x_C21/AsyncSerial.o) (Stream::readBytes(char*, unsigned int))
C:\Users\Jared\Documents\GitHub\RRFBuild\CoreN2G\SAME5x_CAN_RTOS\libCoreN2G.a(./src/UniqueIdBase.o)
                              ./src/Platform/Platform.o (UniqueIdBase::Clear())
C:\Users\Jared\Documents\GitHub\RRFBuild\CoreN2G\SAME5x_CAN_RTOS\libCoreN2G.a(./src/SAME5x_C21/SAME5x/hal/src/hal_flash.o)
                              C:\Users\Jared\Documents\GitHub\RRFBuild\CoreN2G\SAME5x_CAN_RTOS\libCoreN2G.a(./src/SAME5x_C21/Flash.o) (flash_init)
C:\Users\Jared\Documents\GitHub\RRFBuild\CoreN2G\SAME5x_CAN_RTOS\libCoreN2G.a(./src/SAME5x_C21/DmacManager.o)
                              C:\Users\Jared\Documents\GitHub\RRFBuild\CoreN2G\SAME5x_CAN_RTOS\libCoreN2G.a(.) (DmacManager::Init())
C:\Users\Jared\Documents\GitHub\RRFBuild\CoreN2G\SAME5x_CAN_RTOS\libCoreN2G.a(.)
                              C:\Users\Jared\Documents\GitHub\RRFBuild\CoreN2G\SAME5x_CAN_RTOS\libCoreN2G.a(.) (Print::write(unsigned char const*, unsigned int))
C:\Users\Jared\Documents\GitHub\RRFBuild\CANlib\SAME51_RTOS\libCANlib.a(./src/CanMessageBuffer.o)
[...]
Memory Configuration

Name             Origin             Length             Attributes
rom              0x00010000         0x00070000         xr
ram              0x20000000         0x00030000         xrw
bkupram          0x47000000         0x00002000         xrw
qspi             0x04000000         0x01000000         xrw
*default*        0x00000000         0xffffffff

Linker script and memory map

LOAD C:/Program Files (x86)/Arm GNU Toolchain arm-none-eabi/13.2 Rel1/bin/../lib/gcc/arm-none-eabi/13.2.1/thumb/v7e-m+fp/hard/crti.o
LOAD C:/Program Files (x86)/Arm GNU Toolchain arm-none-eabi/13.2 Rel1/bin/../lib/gcc/arm-none-eabi/13.2.1/thumb/v7e-m+fp/hard/crtbegin.o
LOAD C:/Program Files (x86)/Arm GNU Toolchain arm-none-eabi/13.2 Rel1/bin/../lib/gcc/arm-none-eabi/13.2.1/thumb/v7e-m+fp/hard/crt0.o
LOAD ./src/libc/errno.o
LOAD ./src/libc/nano-mallocr.o
LOAD ./src/Platform/InductiveHeaterPort.o
LOAD ./src/Platform/LedStatusControl.o
LOAD ./src/Platform/Platform.o
LOAD ./src/Platform/Tasks.o
LOAD ./src/Movement/StepperDrivers/DriverMode.o
LOAD ./src/Movement/StepperDrivers/TMC22xx.o
LOAD ./src/Movement/StepperDrivers/TMC51xx.o
LOAD ./src/Movement/AxisShaper.o
LOAD ./src/Movement/DriveMovement.o
LOAD ./src/Movement/ExtruderShaper.o
LOAD ./src/Movement/Move.o
LOAD ./src/Movement/MoveSegment.o
LOAD ./src/Movement/StepTimer.o
LOAD ./src/LedStrips/LedStripBase.o
LOAD ./src/LedStrips/LedStripManager.o
LOAD ./src/LedStrips/LocalLedStrip.o
LOAD ./src/LedStrips/NeoPixelLedStrip.o
LOAD ./src/InputMonitors/InputMonitor.o
LOAD ./src/Heating/Sensors/AdcSensorADS131A02.o
LOAD ./src/Heating/Sensors/AdditionalOutputSensor.o
LOAD ./src/Heating/Sensors/BME280.o
LOAD ./src/Heating/Sensors/BME68x.o
LOAD ./src/Heating/Sensors/CpuTemperatureSensor.o
LOAD ./src/Heating/Sensors/CurrentLoopTemperatureSensor.o
LOAD ./src/Heating/Sensors/CurrentSensor.o
LOAD ./src/Heating/Sensors/DhtSensor.o
LOAD ./src/Heating/Sensors/I2CTemperatureSensor.o
LOAD ./src/Heating/Sensors/LinearAnalogSensor.o
LOAD ./src/Heating/Sensors/RemoteSensor.o
LOAD ./src/Heating/Sensors/RtdSensor31865.o
LOAD ./src/Heating/Sensors/SensorWithPort.o
LOAD ./src/Heating/Sensors/SpiTemperatureSensor.o
LOAD ./src/Heating/Sensors/TPiS_1T_1086_L5_5.o
LOAD ./src/Heating/Sensors/TemperatureSensor.o
LOAD ./src/Heating/Sensors/Thermistor.o
LOAD ./src/Heating/Sensors/ThermocoupleSensor31855.o
LOAD ./src/Heating/Sensors/ThermocoupleSensor31856.o
LOAD ./src/Heating/Sensors/TmcDriverTemperatureSensor.o
LOAD ./src/Heating/FOPDT.o
LOAD ./src/Heating/Heat.o
LOAD ./src/Heating/Heater.o
LOAD ./src/Heating/HeaterMonitor.o
LOAD ./src/Heating/LocalHeater.o
LOAD ./src/Hardware/SAME5x_C21/SAME5x/Devices.o
LOAD ./src/Hardware/SAME5x_C21/SAME5x/EEPROM.o
LOAD ./src/Hardware/SAME5x_C21/SAME5x/Main.o
LOAD ./src/Hardware/SAME5x_C21/SAMC21/Devices.o
LOAD ./src/Hardware/SAME5x_C21/SAMC21/EEPROM.o
LOAD ./src/Hardware/SAME5x_C21/SAMC21/Main.o
LOAD ./src/Hardware/RP2040/Devices.o
LOAD ./src/Hardware/RP2040/Main.o
LOAD ./src/Hardware/RP2040/boot2_w25q080_2_padded_checksum.o
LOAD ./src/Hardware/Drivers/ADS131M02.o
LOAD ./src/Hardware/Drivers/AS5601.o
LOAD ./src/Hardware/Drivers/LDC1612.o
LOAD ./src/Hardware/Drivers/LP5817.o
LOAD ./src/Hardware/Drivers/TCA6408A.o
LOAD ./src/Hardware/ATEIO/ExtendedAnalog.o
LOAD ./src/Hardware/ExceptionHandlers.o
LOAD ./src/Hardware/IoPorts.o
LOAD ./src/Hardware/LISAccelerometer.o
LOAD ./src/Hardware/NonVolatileMemory.o
LOAD ./src/Hardware/SoftwareReset.o
LOAD ./src/GPIO/GpioPorts.o
LOAD ./src/FilamentMonitors/Duet3DFilamentMonitor.o
LOAD ./src/FilamentMonitors/FilamentMonitor.o
LOAD ./src/FilamentMonitors/LaserFilamentMonitor.o
LOAD ./src/FilamentMonitors/PulsedFilamentMonitor.o
LOAD ./src/FilamentMonitors/RotatingMagnetFilamentMonitor.o
LOAD ./src/FilamentMonitors/SimpleFilamentMonitor.o
LOAD ./src/Fans/Fan.o
LOAD ./src/Fans/FansManager.o
LOAD ./src/Fans/LocalFan.o
LOAD ./src/CommandProcessing/AccelerometerHandler.o
LOAD ./src/CommandProcessing/CommandProcessor.o
LOAD ./src/CommandProcessing/CustomCommandHandler.o
LOAD ./src/CommandProcessing/MFMHandler.o
LOAD ./src/CommandProcessing/ScanningSensorHandler.o
LOAD ./src/ClosedLoop/Encoders/AS5047D.o
LOAD ./src/ClosedLoop/Encoders/AbsoluteRotaryEncoder.o
LOAD ./src/ClosedLoop/Encoders/Encoder.o
LOAD ./src/ClosedLoop/Encoders/LinearCompositeEncoder.o
LOAD ./src/ClosedLoop/Encoders/MT6835.o
LOAD ./src/ClosedLoop/Encoders/QuadratureEncoderPdec.o
LOAD ./src/ClosedLoop/Encoders/RelativeEncoder.o
LOAD ./src/ClosedLoop/Encoders/SpiEncoder.o
LOAD ./src/ClosedLoop/ClosedLoop.o
LOAD ./src/ClosedLoop/DRV8316.o
LOAD ./src/ClosedLoop/FocController.o
LOAD ./src/ClosedLoop/SampleBuffer.o
LOAD ./src/ClosedLoop/Tuning.o
LOAD ./src/CAN/CanInterface.o
LOAD ./src/CAN/CanMessageQueue.o
LOAD ./src/RepRapFirmware.o
LOAD ./src/Version.o
LOAD C:\Users\Jared\Documents\GitHub\RRFBuild\CoreN2G\SAME5x_CAN_RTOS\libCoreN2G.a
LOAD C:\Users\Jared\Documents\GitHub\RRFBuild\CANlib\SAME51_RTOS\libCANlib.a
LOAD C:\Users\Jared\Documents\GitHub\RRFBuild\RRFLibraries\SAME51_RTOS\libRRFLibraries.a
LOAD C:\Users\Jared\Documents\GitHub\RRFBuild\FreeRTOS\SAME51\libFreeRTOS.a
LOAD C:/Program Files (x86)/Arm GNU Toolchain arm-none-eabi/13.2 Rel1/bin/../lib/gcc/arm-none-eabi/13.2.1/thumb/v7e-m+fp/hard\libstdc++_nano.a
LOAD C:/Program Files (x86)/Arm GNU Toolchain arm-none-eabi/13.2 Rel1/bin/../lib/gcc/arm-none-eabi/13.2.1/thumb/v7e-m+fp/hard\libm.a
START GROUP
LOAD C:/Program Files (x86)/Arm GNU Toolchain arm-none-eabi/13.2 Rel1/bin/../lib/gcc/arm-none-eabi/13.2.1/thumb/v7e-m+fp/hard\libgcc.a
LOAD C:/Program Files (x86)/Arm GNU Toolchain arm-none-eabi/13.2 Rel1/bin/../lib/gcc/arm-none-eabi/13.2.1/thumb/v7e-m+fp/hard\libc_nano.a
END GROUP
START GROUP
LOAD C:/Program Files (x86)/Arm GNU Toolchain arm-none-eabi/13.2 Rel1/bin/../lib/gcc/arm-none-eabi/13.2.1/thumb/v7e-m+fp/hard\libgcc.a
LOAD C:/Program Files (x86)/Arm GNU Toolchain arm-none-eabi/13.2 Rel1/bin/../lib/gcc/arm-none-eabi/13.2.1/thumb/v7e-m+fp/hard\libc_nano.a
END GROUP
LOAD C:/Program Files (x86)/Arm GNU Toolchain arm-none-eabi/13.2 Rel1/bin/../lib/gcc/arm-none-eabi/13.2.1/thumb/v7e-m+fp/hard/crtend.o
LOAD C:/Program Files (x86)/Arm GNU Toolchain arm-none-eabi/13.2 Rel1/bin/../lib/gcc/arm-none-eabi/13.2.1/thumb/v7e-m+fp/hard/crtn.o

.text           0x00010000    0x2770c
                0x00010000                        . = ALIGN (0x4)
                0x00010000                        _sfixed = .
 *(.vectors .vectors.*)
 .vectors       0x00010000      0x264 C:\Users\Jared\Documents\GitHub\RRFBuild\CoreN2G\SAME5x_CAN_RTOS\libCoreN2G.a(./src/SAME5x_C21/SAME5x/Vectors.o)
                0x00010000                exception_table
 *(.text .text.* .gnu.linkonce.t.*)
 .text.deregister_tm_clones
                0x00010264       0x1c C:/Program Files (x86)/Arm GNU Toolchain arm-none-eabi/13.2 Rel1/bin/../lib/gcc/arm-none-eabi/13.2.1/thumb/v7e-m+fp/hard/crtbegin.o
 .text.register_tm_clones
                0x00010280       0x24 C:/Program Files (x86)/Arm GNU Toolchain arm-none-eabi/13.2 Rel1/bin/../lib/gcc/arm-none-eabi/13.2.1/thumb/v7e-m+fp/hard/crtbegin.o
 .text.__do_global_dtors_aux
                0x000102a4       0x28 C:/Program Files (x86)/Arm GNU Toolchain arm-none-eabi/13.2 Rel1/bin/../lib/gcc/arm-none-eabi/13.2.1/thumb/v7e-m+fp/hard/crtbegin.o
 .text.frame_dummy
                0x000102cc       0x24 C:/Program Files (x86)/Arm GNU Toolchain arm-none-eabi/13.2 Rel1/bin/../lib/gcc/arm-none-eabi/13.2.1/thumb/v7e-m+fp/hard/crtbegin.o
 .text.__errno  0x000102f0        0x8 ./src/libc/errno.o
                0x000102f0                __errno
 .text.malloc   0x000102f8      0x12c ./src/libc/nano-mallocr.o
                0x000102f8                malloc
 .text.free     0x00010424       0xc0 ./src/libc/nano-mallocr.o
                0x00010424                free
 .text._ZN15AveragingFilterILj8EE22CallbackFeedIntoFilterE17CallbackParameterl
                0x000104e4       0x34 ./src/Platform/Platform.o
                0x000104e4                AveragingFilter<8u>::CallbackFeedIntoFilter(CallbackParameter, long)
 .text._ZN15AveragingFilterILj64EE22CallbackFeedIntoFilterE17CallbackParameterl
                0x00010518       0x40 ./src/Platform/Platform.o
                0x00010518                AveragingFilter<64u>::CallbackFeedIntoFilter(CallbackParameter, long)
 .text._ZN8PlatformL11ShutdownAllEv
                0x00010558       0x2c ./src/Platform/Platform.o
 .text._ZN8Platform8WriteLedEhb
                0x00010584       0x18 ./src/Platform/Platform.o
                0x00010584                Platform::WriteLed(unsigned char, bool)
 .text._ZN8Platform4InitEv
                0x0001059c      0x2cc ./src/Platform/Platform.o
                0x0001059c                Platform::Init()
 .text._ZN8Platform11InitMinimalEv
                0x00010868       0x98 ./src/Platform/Platform.o
                0x00010868                Platform::InitMinimal()
 .text._ZN8Platform4SpinEv
                0x00010900      0x2f4 ./src/Platform/Platform.o
                0x00010900                Platform::Spin()
 .text._ZN8Platform11SpinMinimalEv
                0x00010bf4       0x24 ./src/Platform/Platform.o
                0x00010bf4                Platform::SpinMinimal()
 .text._ZN8Platform23GetAveragingFilterIndexERK6IoPort
                0x00010c18       0x18 ./src/Platform/Platform.o
                0x00010c18                Platform::GetAveragingFilterIndex(IoPort const&)
 .text._ZN8Platform20InitThermistorFilterERK6IoPort
                0x00010c30       0x80 ./src/Platform/Platform.o
                0x00010c30                Platform::InitThermistorFilter(IoPort const&)
 .text._ZN8Platform12GetAdcFilterEj
                0x00010cb0       0x10 ./src/Platform/Platform.o
                0x00010cb0                Platform::GetAdcFilter(unsigned int)
 .text._ZN8Platform18GetMcuTemperaturesEv
                0x00010cc0        0x8 ./src/Platform/Platform.o
                0x00010cc0                Platform::GetMcuTemperatures()
 .text._ZN8Platform20KickHeatTaskWatchdogEv
                0x00010cc8        0xc ./src/Platform/Platform.o
                0x00010cc8                Platform::KickHeatTaskWatchdog()
 .text._ZN8Platform20GetHeatTaskIdleTicksEv
                0x00010cd4        0xc ./src/Platform/Platform.o
                0x00010cd4                Platform::GetHeatTaskIdleTicks()
 .text._ZN8Platform9DebugPutcEc
                0x00010ce0       0x1c ./src/Platform/Platform.o
                0x00010ce0                Platform::DebugPutc(char)
 .text._ZN8Platform5DebugE6Module
                0x00010cfc       0x14 ./src/Platform/Platform.o
                0x00010cfc                Platform::Debug(Module)
 .text._ZN8Platform17ProcessRemoteM111ERK17CanMessageGenericRK9StringRef
                0x00010d10      0x12c ./src/Platform/Platform.o
                0x00010d10                Platform::ProcessRemoteM111(CanMessageGeneric const&, StringRef const&)
 .text._ZN8Platform11GetUniqueIdEv
                0x00010e3c        0x8 ./src/Platform/Platform.o
                0x00010e3c                Platform::GetUniqueId()
 .text._ZN8Platform4TickEv
                0x00010e44       0x10 ./src/Platform/Platform.o
                0x00010e44                Platform::Tick()
 .text._ZN8Platform19StartFirmwareUpdateEv
                0x00010e54       0x1c ./src/Platform/Platform.o
                0x00010e54                Platform::StartFirmwareUpdate()
 .text._ZN8Platform21StartBootloaderUpdateEv
                0x00010e70       0x1c ./src/Platform/Platform.o
                0x00010e70                Platform::StartBootloaderUpdate()
 .text._ZN8Platform10StartResetEv
                0x00010e8c       0x1c ./src/Platform/Platform.o
                0x00010e8c                Platform::StartReset()
 .text._ZN8Platform13EmergencyStopEv
                0x00010ea8       0x1c ./src/Platform/Platform.o
                0x00010ea8                Platform::EmergencyStop()
 .text._ZN8Platform22OnProcessingCanMessageEv
                0x00010ec4       0x1c ./src/Platform/Platform.o
                0x00010ec4                Platform::OnProcessingCanMessage()
 .text._ZN8Platform16DoDiagnosticTestERK24CanMessageDiagnosticTestRK9StringRef
                0x00010ee0      0x2d4 ./src/Platform/Platform.o
                0x00010ee0                Platform::DoDiagnosticTest(CanMessageDiagnosticTest const&, StringRef const&)
 .text._ZN8Platform18WasDeliberateErrorEv
                0x000111b4        0xc ./src/Platform/Platform.o
                0x000111b4                Platform::WasDeliberateError()
 .text._ZN8Platform29AppendBoardAndFirmwareDetailsERK9StringRef
                0x000111c0       0x1c ./src/Platform/Platform.o
                0x000111c0                Platform::AppendBoardAndFirmwareDetails(StringRef const&)
 .text._ZN8Platform17AppendDiagnosticsERK9StringRef
                0x000111dc       0x6c ./src/Platform/Platform.o
                0x000111dc                Platform::AppendDiagnostics(StringRef const&)
 .text.startup._GLOBAL__sub_I__ZN8Platform8uniqueIdE
                0x00011248       0x90 ./src/Platform/Platform.o
 .text.MainTask
                0x000112d8       0x7c ./src/Platform/Tasks.o
                0x000112d8                MainTask
 .text._ZL22RequestBootloaderBlockmmR16CanMessageBuffer
                0x00011354       0x78 ./src/Platform/Tasks.o
 .text._ZL16ReportFlashError22FirmwareFlashErrorCode
                0x000113cc       0x40 ./src/Platform/Tasks.o
 .text._ZN4TaskILj50EED2Ev
                0x0001140c        0xc ./src/Platform/Tasks.o
                0x0001140c                Task<50u>::~Task()
                0x0001140c                Task<50u>::~Task()
 .text._sbrk    0x00011418       0x24 ./src/Platform/Tasks.o
                0x00011418                _sbrk
 .text.unlikely.abort
                0x0001143c        0x2 ./src/Platform/Tasks.o
                0x0001143c                abort
 *fill*         0x0001143e        0x2 
 .text.__register_exitproc
                0x00011440        0x4 ./src/Platform/Tasks.o
                0x00011440                __register_exitproc
 .text.vApplicationGetIdleTaskMemory
                0x00011444       0x1c ./src/Platform/Tasks.o
                0x00011444                vApplicationGetIdleTaskMemory
 .text.GetMallocMutex
                0x00011460       0x20 ./src/Platform/Tasks.o
                0x00011460                GetMallocMutex
 .text.ReleaseMallocMutex
                0x00011480       0x1c ./src/Platform/Tasks.o
                0x00011480                ReleaseMallocMutex
 .text._ZN5Tasks12GetNVMBufferEPKm
                0x0001149c       0x24 ./src/Platform/Tasks.o
                0x0001149c                Tasks::GetNVMBuffer(unsigned long const*)
 .text._Z7AppMainv
                0x000114c0      0x19c ./src/Platform/Tasks.o
                0x000114c0                AppMain()
 .text._Z8CheckCRCPm
                0x0001165c       0x60 ./src/Platform/Tasks.o
                0x0001165c                CheckCRC(unsigned long*)
 .text.UpdateBootloaderTask
                0x000116bc      0x19c ./src/Platform/Tasks.o
                0x000116bc                UpdateBootloaderTask
 .text._ZN5Tasks15GetNeverUsedRamEv
                0x00011858       0x14 ./src/Platform/Tasks.o
                0x00011858                Tasks::GetNeverUsedRam()
 .text.TaskGetRunTimeTicks
                0x0001186c       0x24 ./src/Platform/Tasks.o
                0x0001186c                TaskGetRunTimeTicks
 .text.TaskResetRunTimeCounter
                0x00011890       0x38 ./src/Platform/Tasks.o
                0x00011890                TaskResetRunTimeCounter
 .text._ZN5Tasks11DiagnosticsERK9StringRef
                0x000118c8      0x2c8 ./src/Platform/Tasks.o
                0x000118c8                Tasks::Diagnostics(StringRef const&)
 .text._ZN5Tasks14AllocPermanentEjSt11align_val_t
                0x00011b90       0x38 ./src/Platform/Tasks.o
                0x00011b90                Tasks::AllocPermanent(unsigned int, std::align_val_t)
 .text.vApplicationTickHook
                0x00011bc8       0x84 ./src/Platform/Tasks.o
                0x00011bc8                vApplicationTickHook
 .text._ZN5Tasks17GetSpinningModuleEv
                0x00011c4c        0xc ./src/Platform/Tasks.o
                0x00011c4c                Tasks::GetSpinningModule()
 .text._ZN5Tasks8DoDivideEmm
                0x00011c58        0x8 ./src/Platform/Tasks.o
                0x00011c58                Tasks::DoDivide(unsigned long, unsigned long)
 .text._ZN5Tasks12DoMemoryLeakEv
                0x00011c60       0x34 ./src/Platform/Tasks.o
                0x00011c60                Tasks::DoMemoryLeak()
 .text._ZN5Tasks12DoMemoryReadEPKm
                0x00011c94        0x4 ./src/Platform/Tasks.o
                0x00011c94                Tasks::DoMemoryRead(unsigned long const*)
 .text._Z18MessageBufferAllocjSt11align_val_t
                0x00011c98       0x38 ./src/Platform/Tasks.o
                0x00011c98                MessageBufferAlloc(unsigned int, std::align_val_t)
 .text.startup._GLOBAL__sub_I_sysStackLimit
                0x00011cd0       0x58 ./src/Platform/Tasks.o
 .text._ZN10AxisShaperC2Ev
                0x00011d28       0x18 ./src/Movement/AxisShaper.o
                0x00011d28                AxisShaper::AxisShaper()
                0x00011d28                AxisShaper::AxisShaper()
 .text._ZN10AxisShaper18EutSetInputShapingERK27CanMessageSetInputShapingV1jRK9StringRef
                0x00011d40       0x5c ./src/Movement/AxisShaper.o
                0x00011d40                AxisShaper::EutSetInputShaping(CanMessageSetInputShapingV1 const&, unsigned int, StringRef const&)
 .text._ZN9StepTimer21GetMovementTimerTicksEv
                0x00011d9c       0x1c ./src/Movement/DriveMovement.o
                0x00011d9c                StepTimer::GetMovementTimerTicks()
 .text._ZN13DriveMovement4InitEj
                0x00011db8       0x40 ./src/Movement/DriveMovement.o
                0x00011db8                DriveMovement::Init(unsigned int)
 .text._ZN13DriveMovement12LogStepErrorEhfPK11MoveSegment
                0x00011df8       0x50 ./src/Movement/DriveMovement.o
                0x00011df8                DriveMovement::LogStepError(unsigned char, float, MoveSegment const*)
 .text._ZN13DriveMovement10NewSegmentEm
                0x00011e48      0x2e8 ./src/Movement/DriveMovement.o
                0x00011e48                DriveMovement::NewSegment(unsigned long)
 .text._ZN13DriveMovement20CalcNextStepTimeFullEm
                0x00012130      0x474 ./src/Movement/DriveMovement.o
                0x00012130                DriveMovement::CalcNextStepTimeFull(unsigned long)
 .text._ZN13DriveMovement20ScheduleFirstSegmentEv
                0x000125a4       0x3c ./src/Movement/DriveMovement.o
                0x000125a4                DriveMovement::ScheduleFirstSegment()
 .text._ZN13DriveMovement20StopDriverFromRemoteEv
                0x000125e0       0x14 ./src/Movement/DriveMovement.o
                0x000125e0                DriveMovement::StopDriverFromRemote()
 .text._ZN14ExtruderShaper13SetParametersERK30ShortPressureAdvanceParameters
                0x000125f4       0x98 ./src/Movement/ExtruderShaper.o
                0x000125f4                ExtruderShaper::SetParameters(ShortPressureAdvanceParameters const&)
 .text._ZN14ExtruderShaper19SetParametersSimpleEf
                0x0001268c       0x18 ./src/Movement/ExtruderShaper.o
                0x0001268c                ExtruderShaper::SetParametersSimple(float)
 .text._ZNK14ExtruderShaper23GetAverageAdvanceClocksEfff
                0x000126a4       0x44 ./src/Movement/ExtruderShaper.o
                0x000126a4                ExtruderShaper::GetAverageAdvanceClocks(float, float, float) const
 .text._ZL23ClosedLoopTimerCallback17CallbackParameter
                0x000126e8        0xc ./src/Movement/Move.o
 .text._ZN4TaskILj300EED2Ev
                0x000126f4        0xc ./src/Movement/Move.o
                0x000126f4                Task<300u>::~Task()
                0x000126f4                Task<300u>::~Task()
 .text.ClosedLoopTaskLoop
                0x00012700       0xc4 ./src/Movement/Move.o
                0x00012700                ClosedLoopTaskLoop
 .text._ZN4MoveC2Ev
                0x000127c4      0x178 ./src/Movement/Move.o
                0x000127c4                Move::Move()
                0x000127c4                Move::Move()
 .text._ZN4Move4InitEv
                0x0001293c       0xc0 ./src/Movement/Move.o
                0x0001293c                Move::Init()
 .text._ZN4Move4SpinEv
                0x000129fc       0x34 ./src/Movement/Move.o
                0x000129fc                Move::Spin()
 .text._ZN4Move12LogStepErrorEh
                0x00012a30       0x1c ./src/Movement/Move.o
                0x00012a30                Move::LogStepError(unsigned char)
 .text._ZN4Move17AppendDiagnosticsERK9StringRef
                0x00012a4c      0x140 ./src/Movement/Move.o
                0x00012a4c                Move::AppendDiagnostics(StringRef const&)
 .text._ZNK4Move21GetLastMoveStepsTakenEj
                0x00012b8c       0x14 ./src/Movement/Move.o
                0x00012b8c                Move::GetLastMoveStepsTaken(unsigned int) const
 .text._ZN4Move19PrepareForNextStepsEm
                0x00012ba0       0x88 ./src/Movement/Move.o
                0x00012ba0                Move::PrepareForNextSteps(unsigned long)
 .text._ZN4Move11StopDriversEt
                0x00012c28       0x3c ./src/Movement/Move.o
                0x00012c28                Move::StopDrivers(unsigned short)
 .text._ZN4Move10AddSegmentEP11MoveSegmentmmff13MovementFlagsf
                0x00012c64      0x364 ./src/Movement/Move.o
                0x00012c64                Move::AddSegment(MoveSegment*, unsigned long, unsigned long, float, float, MovementFlags, float)
 .text._ZN4Move23GetAccumulatedExtrusionEjRb
                0x00012fc8       0xac ./src/Movement/Move.o
                0x00012fc8                Move::GetAccumulatedExtrusion(unsigned int, bool&)
 .text._ZNK4Move21ExtruderPrintingSinceEj
                0x00013074       0x10 ./src/Movement/Move.o
                0x00013074                Move::ExtruderPrintingSince(unsigned int) const
 .text._ZN4Move9InterruptEv
                0x00013084      0x168 ./src/Movement/Move.o
                0x00013084                Move::Interrupt()
 .text._ZN4Move17AddLinearSegmentsEjmRK10PrepParamsf13MovementFlagsb
                0x000131ec      0x6f4 ./src/Movement/Move.o
                0x000131ec                Move::AddLinearSegments(unsigned int, unsigned long, PrepParams const&, float, MovementFlags, bool)
 .text._ZN4Move7AddMoveERK30CanMessageMovementLinearShaped
                0x000138e0      0x15c ./src/Movement/Move.o
                0x000138e0                Move::AddMove(CanMessageMovementLinearShaped const&)
 .text._ZN4Move8TaskLoopEv
                0x00013a3c       0x68 ./src/Movement/Move.o
                0x00013a3c                Move::TaskLoop()
 .text.MoveLoop
                0x00013aa4        0x8 ./src/Movement/Move.o
                0x00013aa4                MoveLoop
 .text._ZN4Move18SetDriveStepsPerMmEjf
                0x00013aac        0x8 ./src/Movement/Move.o
                0x00013aac                Move::SetDriveStepsPerMm(unsigned int, float)
 .text._ZN4Move11EnableDriveEj
                0x00013ab4       0x5c ./src/Movement/Move.o
                0x00013ab4                Move::EnableDrive(unsigned int)
 .text._ZN4Move12DisableDriveEj
                0x00013b10       0x58 ./src/Movement/Move.o
                0x00013b10                Move::DisableDrive(unsigned int)
 .text._ZN4Move13SetDriverIdleEjt
                0x00013b68       0x44 ./src/Movement/Move.o
                0x00013b68                Move::SetDriverIdle(unsigned int, unsigned short)
 .text._ZN4Move16DisableAllDrivesEv
                0x00013bac       0x54 ./src/Movement/Move.o
                0x00013bac                Move::DisableAllDrives()
 .text._ZN4Move11ProcessM569ERK17CanMessageGenericRK9StringRef
                0x00013c00      0x3f0 ./src/Movement/Move.o
                0x00013c00                Move::ProcessM569(CanMessageGeneric const&, StringRef const&)
 .text._ZN4Move17ProcessM569Point7ERK17CanMessageGenericRK9StringRef
                0x00013ff0      0x148 ./src/Movement/Move.o
                0x00013ff0                Move::ProcessM569Point7(CanMessageGeneric const&, StringRef const&)
 .text._ZN4Move16SetMotorCurrentsERK31CanMessageMultipleDrivesRequestIfEjRK9StringRef
                0x00014138       0x14 ./src/Movement/Move.o
                0x00014138                Move::SetMotorCurrents(CanMessageMultipleDrivesRequest<float> const&, unsigned int, StringRef const&)
 .text._ZN4Move26SetStandstillCurrentFactorERK31CanMessageMultipleDrivesRequestIfEjRK9StringRef
                0x0001414c       0x14 ./src/Movement/Move.o
                0x0001414c                Move::SetStandstillCurrentFactor(CanMessageMultipleDrivesRequest<float> const&, unsigned int, StringRef const&)
 .text._ZN4Move17SendDriversStatusER16CanMessageBuffer
                0x00014160       0x6c ./src/Movement/Move.o
                0x00014160                Move::SendDriversStatus(CanMessageBuffer&)
 .text._ZN4Move17ProcessM569Point1ERK17CanMessageGenericRK9StringRef
                0x000141cc       0x58 ./src/Movement/Move.o
                0x000141cc                Move::ProcessM569Point1(CanMessageGeneric const&, StringRef const&)
 .text._ZN4Move17ProcessM569Point4ERK17CanMessageGenericRK9StringRef
                0x00014224       0x58 ./src/Movement/Move.o
                0x00014224                Move::ProcessM569Point4(CanMessageGeneric const&, StringRef const&)
 .text._ZN4Move17ProcessM569Point5ERK39CanMessageStartClosedLoopDataCollectionRK9StringRef
                0x0001427c       0x20 ./src/Movement/Move.o
                0x0001427c                Move::ProcessM569Point5(CanMessageStartClosedLoopDataCollection const&, StringRef const&)
 .text._ZN4Move17ProcessM569Point6ERK17CanMessageGenericRK9StringRef
                0x0001429c       0x58 ./src/Movement/Move.o
                0x0001429c                Move::ProcessM569Point6(CanMessageGeneric const&, StringRef const&)
 .text._ZN4Move21ClosedLoopDiagnosticsEjRK9StringRef
                0x000142f4       0x10 ./src/Movement/Move.o
                0x000142f4                Move::ClosedLoopDiagnostics(unsigned int, StringRef const&)
 .text._ZN4Move12EnableIfIdleEj
                0x00014304       0x20 ./src/Movement/Move.o
                0x00014304                Move::EnableIfIdle(unsigned int)
 .text._ZN4Move33ResetPhaseStepControlLoopCallTimeEv
                0x00014324       0x10 ./src/Movement/Move.o
                0x00014324                Move::ResetPhaseStepControlLoopCallTime()
 .text._ZNK4Move13CountSegmentsEj
                0x00014334       0x24 ./src/Movement/Move.o
                0x00014334                Move::CountSegments(unsigned int) const
 .text._ZN4Move33ResetPhaseStepMonitoringVariablesEv
                0x00014358       0x10 ./src/Movement/Move.o
                0x00014358                Move::ResetPhaseStepMonitoringVariables()
 .text._ZN4Move24SetStallEndstopReportingERK28CanMessageEnableStallEndstopRK9StringRef
                0x00014368       0x20 ./src/Movement/Move.o
                0x00014368                Move::SetStallEndstopReporting(CanMessageEnableStallEndstop const&, StringRef const&)
 .text.startup._GLOBAL__sub_I_getCanMoveTimeoutErrs
                0x00014388       0x2c ./src/Movement/Move.o
 .text._ZN11MoveSegment8AllocateEPS_
                0x000143b4       0x48 ./src/Movement/MoveSegment.o
                0x000143b4                MoveSegment::Allocate(MoveSegment*)
 .text._ZN11MoveSegment10ReleaseAllEPS_
                0x000143fc       0x34 ./src/Movement/MoveSegment.o
                0x000143fc                MoveSegment::ReleaseAll(MoveSegment*)
 .text._ZNK11MoveSegment10DebugPrintEv
                0x00014430       0x78 ./src/Movement/MoveSegment.o
                0x00014430                MoveSegment::DebugPrint() const
 .text._ZN11MoveSegment14DebugPrintListEPKS_
                0x000144a8       0xa4 ./src/Movement/MoveSegment.o
                0x000144a8                MoveSegment::DebugPrintList(MoveSegment const*)
 .text._ZN9StepTimer4InitEv
                0x0001454c       0x9c ./src/Movement/StepTimer.o
                0x0001454c                StepTimer::Init()
 .text._ZN9StepTimer13GetTimerTicksEv
                0x000145e8       0x28 ./src/Movement/StepTimer.o
                0x000145e8                StepTimer::GetTimerTicks()
 .text._ZN9StepTimer35GetTimerTicksWhenInterruptsDisabledEv
                0x00014610       0x1c ./src/Movement/StepTimer.o
                0x00014610                StepTimer::GetTimerTicksWhenInterruptsDisabled()
 .text._ZN9StepTimer11CheckSyncedEv
                0x0001462c       0x44 ./src/Movement/StepTimer.o
                0x0001462c                StepTimer::CheckSynced()
 .text._ZN9StepTimer8IsSyncedEv
                0x00014670       0x14 ./src/Movement/StepTimer.o
                0x00014670                StepTimer::IsSynced()
 .text._ZN9StepTimer22ProcessTimeSyncMessageERK18CanMessageTimeSyncjt
                0x00014684      0x1dc ./src/Movement/StepTimer.o
                0x00014684                StepTimer::ProcessTimeSyncMessage(CanMessageTimeSync const&, unsigned int, unsigned short)
 .text._ZN9StepTimer22ScheduleTimerInterruptEm
                0x00014860       0x54 ./src/Movement/StepTimer.o
                0x00014860                StepTimer::ScheduleTimerInterrupt(unsigned long)
 .text._ZN9StepTimer31ScheduleMovementCallbackFromIsrEm
                0x000148b4       0x4c ./src/Movement/StepTimer.o
                0x000148b4                StepTimer::ScheduleMovementCallbackFromIsr(unsigned long)
 .text.TC0_Handler
                0x00014900       0x94 ./src/Movement/StepTimer.o
                0x00014900                TC0_Handler
 .text._ZN9StepTimerC2Ev
                0x00014994        0xc ./src/Movement/StepTimer.o
                0x00014994                StepTimer::StepTimer()
                0x00014994                StepTimer::StepTimer()
 .text._ZN9StepTimer11SetCallbackEPFv17CallbackParameterES0_
                0x000149a0        0x8 ./src/Movement/StepTimer.o
                0x000149a0                StepTimer::SetCallback(void (*)(CallbackParameter), CallbackParameter)
 .text._ZN9StepTimer16ScheduleCallbackEm
                0x000149a8       0xa8 ./src/Movement/StepTimer.o
                0x000149a8                StepTimer::ScheduleCallback(unsigned long)
 .text._ZN9StepTimer11DiagnosticsERK9StringRef
                0x00014a50       0xe8 ./src/Movement/StepTimer.o
                0x00014a50                StepTimer::Diagnostics(StringRef const&)
 .text._ZNK12LedStripBase11GetTypeTextEv
                0x00014b38       0x24 ./src/LedStrips/LedStripBase.o
                0x00014b38                LedStripBase::GetTypeText() const
 .text._ZN15LedStripManager13HandleM950LedERK17CanMessageGenericRK9StringRefRh
                0x00014b5c      0x130 ./src/LedStrips/LedStripManager.o
                0x00014b5c                LedStripManager::HandleM950Led(CanMessageGeneric const&, StringRef const&, unsigned char&)
 .text._ZN15LedStripManager19HandleLedSetColoursERK17CanMessageGenericRK9StringRef
                0x00014c8c       0x94 ./src/LedStrips/LedStripManager.o
                0x00014c8c                LedStripManager::HandleLedSetColours(CanMessageGeneric const&, StringRef const&)
 .text.startup._GLOBAL__sub_I__ZN15LedStripManager7ledLockE
                0x00014d20       0x18 ./src/LedStrips/LedStripManager.o
 .text._ZNK13LocalLedStrip16MustStopMovementEv
                0x00014d38        0x4 ./src/LedStrips/LocalLedStrip.o
                0x00014d38                LocalLedStrip::MustStopMovement() const
 .text._ZN13LocalLedStripC2E12LedStripTypem
                0x00014d3c       0x34 ./src/LedStrips/LocalLedStrip.o
                0x00014d3c                LocalLedStrip::LocalLedStrip(LedStripType, unsigned long)
                0x00014d3c                LocalLedStrip::LocalLedStrip(LedStripType, unsigned long)
 .text._ZN13LocalLedStripD2Ev
                0x00014d70       0x24 ./src/LedStrips/LocalLedStrip.o
                0x00014d70                LocalLedStrip::~LocalLedStrip()
                0x00014d70                LocalLedStrip::~LocalLedStrip()
 .text._ZN13LocalLedStrip15CommonConfigureER23CanMessageGenericParserRK9StringRefRbRh
                0x00014d94       0xcc ./src/LedStrips/LocalLedStrip.o
                0x00014d94                LocalLedStrip::CommonConfigure(CanMessageGenericParser&, StringRef const&, bool&, unsigned char&)
 .text._ZN13LocalLedStrip19CommonReportDetailsERK9StringRef
                0x00014e60       0x58 ./src/LedStrips/LocalLedStrip.o
                0x00014e60                LocalLedStrip::CommonReportDetails(StringRef const&)
 .text._ZN13LocalLedStrip9LedParams13GetM150ParamsER23CanMessageGenericParser
                0x00014eb8       0x9c ./src/LedStrips/LocalLedStrip.o
                0x00014eb8                LocalLedStrip::LedParams::GetM150Params(CanMessageGenericParser&)
 .text._ZN13LocalLedStrip9LedParams11SwapColoursEN12LedStripBase10ColorOrderE
                0x00014f54       0x48 ./src/LedStrips/LocalLedStrip.o
                0x00014f54                LocalLedStrip::LedParams::SwapColours(LedStripBase::ColorOrder)
 .text._ZN13LocalLedStrip9LedParams15ApplyBrightnessEv
                0x00014f9c       0x40 ./src/LedStrips/LocalLedStrip.o
                0x00014f9c                LocalLedStrip::LedParams::ApplyBrightness()
 .text._ZNK16NeoPixelLedStrip14GetBytesPerLedEv
                0x00014fdc        0x8 ./src/LedStrips/NeoPixelLedStrip.o
                0x00014fdc                NeoPixelLedStrip::GetBytesPerLed() const
 .text._ZN16NeoPixelLedStrip9ConfigureER23CanMessageGenericParserRK9StringRefRh
                0x00014fe4       0x2c ./src/LedStrips/NeoPixelLedStrip.o
                0x00014fe4                NeoPixelLedStrip::Configure(CanMessageGenericParser&, StringRef const&, unsigned char&)
 .text._ZN16NeoPixelLedStripD2Ev
                0x00015010       0x14 ./src/LedStrips/NeoPixelLedStrip.o
                0x00015010                NeoPixelLedStrip::~NeoPixelLedStrip()
                0x00015010                NeoPixelLedStrip::~NeoPixelLedStrip()
 .text._ZN16NeoPixelLedStripD0Ev
                0x00015024       0x1c ./src/LedStrips/NeoPixelLedStrip.o
                0x00015024                NeoPixelLedStrip::~NeoPixelLedStrip()
 .text._ZN16NeoPixelLedStrip10HandleM150ER23CanMessageGenericParserRK9StringRef
                0x00015040      0x184 ./src/LedStrips/NeoPixelLedStrip.o
                0x00015040                NeoPixelLedStrip::HandleM150(CanMessageGenericParser&, StringRef const&)
 .text._ZN16NeoPixelLedStripC2Eb
                0x000151c4       0x38 ./src/LedStrips/NeoPixelLedStrip.o
                0x000151c4                NeoPixelLedStrip::NeoPixelLedStrip(bool)
                0x000151c4                NeoPixelLedStrip::NeoPixelLedStrip(bool)
 .text._ZN12InputMonitor8ActivateEv.part.0
                0x000151fc       0x88 ./src/InputMonitors/InputMonitor.o
 .text._ZN12InputMonitor25CommonAnalogPortInterruptE17CallbackParameterl
                0x00015284       0x30 ./src/InputMonitors/InputMonitor.o
                0x00015284                InputMonitor::CommonAnalogPortInterrupt(CallbackParameter, long)
 .text._ZN12InputMonitor26CommonDigitalPortInterruptE17CallbackParameter
                0x000152b4       0x38 ./src/InputMonitors/InputMonitor.o
                0x000152b4                InputMonitor::CommonDigitalPortInterrupt(CallbackParameter)
 .text._ZN12InputMonitor4InitEv
                0x000152ec        0x4 ./src/InputMonitors/InputMonitor.o
                0x000152ec                InputMonitor::Init()
 .text._ZN12InputMonitor6DeleteEt
                0x000152f0       0x74 ./src/InputMonitors/InputMonitor.o
                0x000152f0                InputMonitor::Delete(unsigned short)
 .text._ZN12InputMonitor6CreateERK30CanMessageCreateInputMonitorV1jRK9StringRefRh
                0x00015364      0x108 ./src/InputMonitors/InputMonitor.o
                0x00015364                InputMonitor::Create(CanMessageCreateInputMonitorV1 const&, unsigned int, StringRef const&, unsigned char&)
 .text._ZN12InputMonitor6ChangeERK30CanMessageChangeInputMonitorV1RK9StringRefRh
                0x0001546c      0x188 ./src/InputMonitors/InputMonitor.o
                0x0001546c                InputMonitor::Change(CanMessageChangeInputMonitorV1 const&, StringRef const&, unsigned char&)
 .text._ZN12InputMonitor15AddStateChangesEP24CanMessageInputChangedV2
                0x000155f4       0xf8 ./src/InputMonitors/InputMonitor.o
                0x000155f4                InputMonitor::AddStateChanges(CanMessageInputChangedV2*)
 .text._ZN12InputMonitor10ReadInputsEP16CanMessageBuffer
                0x000156ec      0x10c ./src/InputMonitors/InputMonitor.o
                0x000156ec                InputMonitor::ReadInputs(CanMessageBuffer*)
 .text._ZN12InputMonitor21AddAnalogHandleDataV1EPhj
                0x000157f8       0xbc ./src/InputMonitors/InputMonitor.o
                0x000157f8                InputMonitor::AddAnalogHandleDataV1(unsigned char*, unsigned int)
 .text.startup._GLOBAL__sub_I__ZN12InputMonitor12monitorsListE
                0x000158b4       0x10 ./src/InputMonitors/InputMonitor.o
 .text._ZNK17TemperatureSensor23GetNumAdditionalOutputsEv
                0x000158c4        0x4 ./src/Heating/Sensors/AdditionalOutputSensor.o
                0x000158c4                TemperatureSensor::GetNumAdditionalOutputs() const
 .text._ZNK17TemperatureSensor28GetTemperatureReadingTimeoutEv
                0x000158c8        0x8 ./src/Heating/Sensors/AdditionalOutputSensor.o
                0x000158c8                TemperatureSensor::GetTemperatureReadingTimeout() const
 .text._ZNK17TemperatureSensor16AppendPinDetailsERK9StringRef
                0x000158d0        0x4 ./src/Heating/Sensors/CpuTemperatureSensor.o
                0x000158d0                TemperatureSensor::AppendPinDetails(StringRef const&) const
 .text._ZN20CpuTemperatureSensor4PollEv
                0x000158d4       0x20 ./src/Heating/Sensors/CpuTemperatureSensor.o
                0x000158d4                CpuTemperatureSensor::Poll()
 .text._ZN20CpuTemperatureSensorD2Ev
                0x000158f4       0x14 ./src/Heating/Sensors/CpuTemperatureSensor.o
                0x000158f4                CpuTemperatureSensor::~CpuTemperatureSensor()
                0x000158f4                CpuTemperatureSensor::~CpuTemperatureSensor()
 .text._ZN20CpuTemperatureSensorD0Ev
                0x00015908       0x1c ./src/Heating/Sensors/CpuTemperatureSensor.o
                0x00015908                CpuTemperatureSensor::~CpuTemperatureSensor()
 .text._ZN20CpuTemperatureSensorUljE_4_FUNEj
                0x00015924       0x24 ./src/Heating/Sensors/CpuTemperatureSensor.o
 .text.startup._GLOBAL__sub_I__ZN20CpuTemperatureSensor14typeDescriptorE
                0x00015948       0x18 ./src/Heating/Sensors/CpuTemperatureSensor.o
 .text._ZN18LinearAnalogSensor4PollEv
                0x00015960       0x70 ./src/Heating/Sensors/LinearAnalogSensor.o
                0x00015960                LinearAnalogSensor::Poll()
 .text._ZN18LinearAnalogSensorD2Ev
                0x000159d0       0x14 ./src/Heating/Sensors/LinearAnalogSensor.o
                0x000159d0                LinearAnalogSensor::~LinearAnalogSensor()
                0x000159d0                LinearAnalogSensor::~LinearAnalogSensor()
 .text._ZN18LinearAnalogSensorD0Ev
                0x000159e4       0x1c ./src/Heating/Sensors/LinearAnalogSensor.o
                0x000159e4                LinearAnalogSensor::~LinearAnalogSensor()
 .text._ZN18LinearAnalogSensorUljE_4_FUNEj
                0x00015a00       0x98 ./src/Heating/Sensors/LinearAnalogSensor.o
 .text._ZN18LinearAnalogSensor9ConfigureERK23CanMessageGenericParserRK9StringRef
                0x00015a98      0x170 ./src/Heating/Sensors/LinearAnalogSensor.o
                0x00015a98                LinearAnalogSensor::Configure(CanMessageGenericParser const&, StringRef const&)
 .text.startup._GLOBAL__sub_I__ZN18LinearAnalogSensor14typeDescriptorE
                0x00015c08       0x18 ./src/Heating/Sensors/LinearAnalogSensor.o
 .text._ZN12RemoteSensor9ConfigureERK23CanMessageGenericParserRK9StringRef
                0x00015c20        0x4 ./src/Heating/Sensors/RemoteSensor.o
                0x00015c20                RemoteSensor::Configure(CanMessageGenericParser const&, StringRef const&)
 .text._ZNK12RemoteSensor15GetBoardAddressEv
                0x00015c24        0x8 ./src/Heating/Sensors/RemoteSensor.o
                0x00015c24                RemoteSensor::GetBoardAddress() const
 .text._ZN12RemoteSensor4PollEv
                0x00015c2c        0x4 ./src/Heating/Sensors/RemoteSensor.o
                0x00015c2c                RemoteSensor::Poll()
 .text._ZN12RemoteSensorD2Ev
                0x00015c30       0x14 ./src/Heating/Sensors/RemoteSensor.o
                0x00015c30                RemoteSensor::~RemoteSensor()
                0x00015c30                RemoteSensor::~RemoteSensor()
 .text._ZN12RemoteSensorD0Ev
                0x00015c44       0x1c ./src/Heating/Sensors/RemoteSensor.o
                0x00015c44                RemoteSensor::~RemoteSensor()
 .text._ZN12RemoteSensor23UpdateRemoteTemperatureEhRK15CanSensorReport
                0x00015c60       0x28 ./src/Heating/Sensors/RemoteSensor.o
                0x00015c60                RemoteSensor::UpdateRemoteTemperature(unsigned char, CanSensorReport const&)
 .text._ZN12RemoteSensorC2Ejh
                0x00015c88       0x20 ./src/Heating/Sensors/RemoteSensor.o
                0x00015c88                RemoteSensor::RemoteSensor(unsigned int, unsigned char)
                0x00015c88                RemoteSensor::RemoteSensor(unsigned int, unsigned char)
 .text._ZNK14SensorWithPort16AppendPinDetailsERK9StringRef
                0x00015ca8       0x24 ./src/Heating/Sensors/SensorWithPort.o
                0x00015ca8                SensorWithPort::AppendPinDetails(StringRef const&) const
 .text._ZN14SensorWithPortC2EjPKc
                0x00015ccc       0x1c ./src/Heating/Sensors/SensorWithPort.o
                0x00015ccc                SensorWithPort::SensorWithPort(unsigned int, char const*)
                0x00015ccc                SensorWithPort::SensorWithPort(unsigned int, char const*)
 .text._ZN14SensorWithPortD2Ev
                0x00015ce8       0x28 ./src/Heating/Sensors/SensorWithPort.o
                0x00015ce8                SensorWithPort::~SensorWithPort()
                0x00015ce8                SensorWithPort::~SensorWithPort()
 .text._ZN14SensorWithPort13ConfigurePortERK23CanMessageGenericParserRK9StringRef9PinAccessRb
                0x00015d10       0x6c ./src/Heating/Sensors/SensorWithPort.o
                0x00015d10                SensorWithPort::ConfigurePort(CanMessageGenericParser const&, StringRef const&, PinAccess, bool&)
 .text._ZN17TemperatureSensor19GetAdditionalOutputERfh
                0x00015d7c       0x10 ./src/Heating/Sensors/TemperatureSensor.o
                0x00015d7c                TemperatureSensor::GetAdditionalOutput(float&, unsigned char)
 .text._ZN17TemperatureSensor25ConfigureAdditionalOutputERK23CanMessageGenericParserRK9StringRefRbh
                0x00015d8c        0x4 ./src/Heating/Sensors/TemperatureSensor.o
                0x00015d8c                TemperatureSensor::ConfigureAdditionalOutput(CanMessageGenericParser const&, StringRef const&, bool&, unsigned char)
 .text._ZN17TemperatureSensor32AppendAdditionalOutputParametersERK9StringRefh
                0x00015d90        0x4 ./src/Heating/Sensors/TemperatureSensor.o
                0x00015d90                TemperatureSensor::AppendAdditionalOutputParameters(StringRef const&, unsigned char)
 .text._ZN17TemperatureSensor23UpdateRemoteTemperatureEhRK15CanSensorReport
                0x00015d94        0x4 ./src/Heating/Sensors/TemperatureSensor.o
                0x00015d94                TemperatureSensor::UpdateRemoteTemperature(unsigned char, CanSensorReport const&)
 .text._ZNK17TemperatureSensor15GetBoardAddressEv
                0x00015d98        0x4 ./src/Heating/Sensors/TemperatureSensor.o
                0x00015d98                TemperatureSensor::GetBoardAddress() const
 .text._ZN17TemperatureSensor20SensorTypeDescriptorC2EPKcPDoFPS_jE
                0x00015d9c       0x18 ./src/Heating/Sensors/TemperatureSensor.o
                0x00015d9c                TemperatureSensor::SensorTypeDescriptor::SensorTypeDescriptor(char const*, TemperatureSensor* (*)(unsigned int) noexcept)
                0x00015d9c                TemperatureSensor::SensorTypeDescriptor::SensorTypeDescriptor(char const*, TemperatureSensor* (*)(unsigned int) noexcept)
 .text._ZN17TemperatureSensorC2EjPKc
                0x00015db4       0x24 ./src/Heating/Sensors/TemperatureSensor.o
                0x00015db4                TemperatureSensor::TemperatureSensor(unsigned int, char const*)
                0x00015db4                TemperatureSensor::TemperatureSensor(unsigned int, char const*)
 .text._ZN17TemperatureSensorD2Ev
                0x00015dd8        0x4 ./src/Heating/Sensors/TemperatureSensor.o
                0x00015dd8                TemperatureSensor::~TemperatureSensor()
                0x00015dd8                TemperatureSensor::~TemperatureSensor()
 .text._ZN17TemperatureSensor20GetLatestTemperatureERf
                0x00015ddc       0x4c ./src/Heating/Sensors/TemperatureSensor.o
                0x00015ddc                TemperatureSensor::GetLatestTemperature(float&)
 .text._ZN17TemperatureSensor25ConfigureCommonParametersERK23CanMessageGenericParserRb
                0x00015e28       0x30 ./src/Heating/Sensors/TemperatureSensor.o
                0x00015e28                TemperatureSensor::ConfigureCommonParameters(CanMessageGenericParser const&, bool&)
 .text._ZNK17TemperatureSensor16CopyBasicDetailsERK9StringRef
                0x00015e58       0xd8 ./src/Heating/Sensors/TemperatureSensor.o
                0x00015e58                TemperatureSensor::CopyBasicDetails(StringRef const&) const
 .text._ZN17TemperatureSensor9ConfigureERK23CanMessageGenericParserRK9StringRef
                0x00015f30       0x4c ./src/Heating/Sensors/TemperatureSensor.o
                0x00015f30                TemperatureSensor::Configure(CanMessageGenericParser const&, StringRef const&)
 .text._ZN17TemperatureSensor9SetResultEf16TemperatureError
                0x00015f7c       0x34 ./src/Heating/Sensors/TemperatureSensor.o
                0x00015f7c                TemperatureSensor::SetResult(float, TemperatureError)
 .text._ZN17TemperatureSensor9SetResultE16TemperatureError
                0x00015fb0       0x20 ./src/Heating/Sensors/TemperatureSensor.o
                0x00015fb0                TemperatureSensor::SetResult(TemperatureError)
 .text._ZN17TemperatureSensor6CreateEjPKcRK9StringRef
                0x00015fd0       0x40 ./src/Heating/Sensors/TemperatureSensor.o
                0x00015fd0                TemperatureSensor::Create(unsigned int, char const*, StringRef const&)
 .text._ZN17TemperatureSensor19GetPT100TemperatureERft
                0x00016010       0x94 ./src/Heating/Sensors/TemperatureSensor.o
                0x00016010                TemperatureSensor::GetPT100Temperature(float&, unsigned short)
 .text._ZN10ThermistorD2Ev
                0x000160a4       0x14 ./src/Heating/Sensors/Thermistor.o
                0x000160a4                Thermistor::~Thermistor()
                0x000160a4                Thermistor::~Thermistor()
 .text._ZN10ThermistorD0Ev
                0x000160b8       0x1c ./src/Heating/Sensors/Thermistor.o
                0x000160b8                Thermistor::~Thermistor()
 .text._ZN10ThermistorUljE0_4_FUNEj
                0x000160d4       0x68 ./src/Heating/Sensors/Thermistor.o
 .text._ZN10ThermistorUljE_4_FUNEj
                0x0001613c       0x64 ./src/Heating/Sensors/Thermistor.o
 .text._ZN10Thermistor4PollEv
                0x000161a0      0x1b4 ./src/Heating/Sensors/Thermistor.o
                0x000161a0                Thermistor::Poll()
 .text._ZN10Thermistor9ConfigureERK23CanMessageGenericParserRK9StringRef
                0x00016354      0x1e0 ./src/Heating/Sensors/Thermistor.o
                0x00016354                Thermistor::Configure(CanMessageGenericParser const&, StringRef const&)
 .text.startup._GLOBAL__sub_I__ZN10Thermistor20thermistorDescriptorE
                0x00016534       0x34 ./src/Heating/Sensors/Thermistor.o
 .text._ZN5FopDtC2Ev
                0x00016568       0xcc ./src/Heating/FOPDT.o
                0x00016568                FopDt::FopDt()
                0x00016568                FopDt::FopDt()
 .text._ZN5FopDt13SetParametersERK23CanMessageHeaterModelV3RK9StringRef
                0x00016634      0x1c0 ./src/Heating/FOPDT.o
                0x00016634                FopDt::SetParameters(CanMessageHeaterModelV3 const&, StringRef const&)
 .text._ZN5FopDt15SetDefaultModelERK11HeaterModel
                0x000167f4       0xe8 ./src/Heating/FOPDT.o
                0x000167f4                FopDt::SetDefaultModel(HeaterModel const&)
 .text._ZN5FopDt16CalcPidConstantsEf
                0x000168dc       0xb0 ./src/Heating/FOPDT.o
                0x000168dc                FopDt::CalcPidConstants(float)
 .text._ZNK11LocalHeater7GetModeEv
                0x0001698c        0x8 ./src/Heating/Heat.o
                0x0001698c                LocalHeater::GetMode() const
 .text._ZN4HeatL17SendHeatersStatusER16CanMessageBuffer
                0x00016994      0x110 ./src/Heating/Heat.o
 .text._ZN4Heat8TaskLoopEPv
                0x00016aa4      0x428 ./src/Heating/Heat.o
                0x00016aa4                Heat::TaskLoop(void*)
 .text._ZN4Heat4InitEv
                0x00016ecc       0x70 ./src/Heating/Heat.o
                0x00016ecc                Heat::Init()
 .text._ZN4Heat11ProcessM307ERK23CanMessageHeaterModelV3RK9StringRef
                0x00016f3c       0x64 ./src/Heating/Heat.o
                0x00016f3c                Heat::ProcessM307(CanMessageHeaterModelV3 const&, StringRef const&)
 .text._ZN4Heat11ProcessM308ERK17CanMessageGenericRK9StringRef
                0x00016fa0      0x218 ./src/Heating/Heat.o
                0x00016fa0                Heat::ProcessM308(CanMessageGeneric const&, StringRef const&)
 .text._ZN4Heat17SetFaultDetectionERK43CanMessageSetHeaterFaultDetectionParametersRK9StringRef
                0x000171b8       0x64 ./src/Heating/Heat.o
                0x000171b8                Heat::SetFaultDetection(CanMessageSetHeaterFaultDetectionParameters const&, StringRef const&)
 .text._ZN4Heat21SetDefaultHeaterModelER16CanMessageBuffer
                0x0001721c       0xac ./src/Heating/Heat.o
                0x0001721c                Heat::SetDefaultHeaterModel(CanMessageBuffer&)
 .text._ZN4Heat17SetHeaterMonitorsERK27CanMessageSetHeaterMonitorsRK9StringRef
                0x000172c8       0x64 ./src/Heating/Heat.o
                0x000172c8                Heat::SetHeaterMonitors(CanMessageSetHeaterMonitors const&, StringRef const&)
 .text._ZN4Heat20GetSensorTemperatureEiR16TemperatureError
                0x0001732c       0x60 ./src/Heating/Heat.o
                0x0001732c                Heat::GetSensorTemperature(int, TemperatureError&)
 .text._ZN4Heat26ProcessRemoteSensorsReportEhRK28CanMessageSensorTemperatures
                0x0001738c       0xf0 ./src/Heating/Heat.o
                0x0001738c                Heat::ProcessRemoteSensorsReport(unsigned char, CanMessageSensorTemperatures const&)
 .text._ZN4Heat12SwitchOffAllEv
                0x0001747c       0x34 ./src/Heating/Heat.o
                0x0001747c                Heat::SwitchOffAll()
 .text._ZN4Heat14SetTemperatureERK32CanMessageSetHeaterTemperatureV1RK9StringRef
                0x000174b0       0x64 ./src/Heating/Heat.o
                0x000174b0                Heat::SetTemperature(CanMessageSetHeaterTemperatureV1 const&, StringRef const&)
 .text._ZN4Heat13TuningCommandERK29CanMessageHeaterTuningCommandRK9StringRef
                0x00017514       0x84 ./src/Heating/Heat.o
                0x00017514                Heat::TuningCommand(CanMessageHeaterTuningCommand const&, StringRef const&)
 .text._ZN4Heat11FeedForwardERK29CanMessageHeaterFeedForwardV1RK9StringRef
                0x00017598       0x64 ./src/Heating/Heat.o
                0x00017598                Heat::FeedForward(CanMessageHeaterFeedForwardV1 const&, StringRef const&)
 .text._ZN4Heat10FindSensorEi
                0x000175fc       0x3c ./src/Heating/Heat.o
                0x000175fc                Heat::FindSensor(int)
 .text._ZN4Heat19FindSensorAtOrAboveEj
                0x00017638       0x3c ./src/Heating/Heat.o
                0x00017638                Heat::FindSensorAtOrAbove(unsigned int)
 .text._ZN4Heat11DiagnosticsERK9StringRef
                0x00017674       0x60 ./src/Heating/Heat.o
                0x00017674                Heat::Diagnostics(StringRef const&)
 .text._ZN4Heat14NewDriverFaultEv
                0x000176d4       0x2c ./src/Heating/Heat.o
                0x000176d4                Heat::NewDriverFault()
 .text.startup._GLOBAL__sub_I__ZN4Heat15IsHeaterEnabledEj
                0x00017700       0x18 ./src/Heating/Heat.o
 .text._ZN4Heat15ConfigureHeaterERK17CanMessageGenericRK9StringRefRh
                0x00017718      0x198 ./src/Heating/Heat.o
                0x00017718                Heat::ConfigureHeater(CanMessageGeneric const&, StringRef const&, unsigned char&)
 .text._ZN6Heater11ResetHeaterEv
                0x000178b0        0xc ./src/Heating/Heater.o
                0x000178b0                Heater::ResetHeater()
 .text._ZN6Heater9SwitchOffEv
                0x000178bc        0x8 ./src/Heating/Heater.o
                0x000178bc                Heater::SwitchOff()
 .text._ZN6HeaterC2Ej
                0x000178c4       0x64 ./src/Heating/Heater.o
                0x000178c4                Heater::Heater(unsigned int)
                0x000178c4                Heater::Heater(unsigned int)
 .text._ZN6HeaterD2Ev
                0x00017928        0x4 ./src/Heating/Heater.o
                0x00017928                Heater::~Heater()
                0x00017928                Heater::~Heater()
 .text._ZN6Heater27SetFaultDetectionParametersERK43CanMessageSetHeaterFaultDetectionParametersRK9StringRef
                0x0001792c       0x1c ./src/Heating/Heater.o
                0x0001792c                Heater::SetFaultDetectionParameters(CanMessageSetHeaterFaultDetectionParameters const&, StringRef const&)
 .text._ZN6Heater17SetHeaterMonitorsERK27CanMessageSetHeaterMonitorsRK9StringRef
                0x00017948       0x68 ./src/Heating/Heater.o
                0x00017948                Heater::SetHeaterMonitors(CanMessageSetHeaterMonitors const&, StringRef const&)
 .text._ZNK6Heater26GetHighestTemperatureLimitEv
                0x000179b0       0xa0 ./src/Heating/Heater.o
                0x000179b0                Heater::GetHighestTemperatureLimit() const
 .text._ZN6Heater8SetModelERK23CanMessageHeaterModelV3RK9StringRef
                0x00017a50       0x38 ./src/Heating/Heater.o
                0x00017a50                Heater::SetModel(CanMessageHeaterModelV3 const&, StringRef const&)
 .text._ZN6Heater14SetTemperatureERK32CanMessageSetHeaterTemperatureV1RK9StringRef
                0x00017a88      0x124 ./src/Heating/Heater.o
                0x00017a88                Heater::SetTemperature(CanMessageSetHeaterTemperatureV1 const&, StringRef const&)
 .text._ZN13HeaterMonitorC2Ev
                0x00017bac        0x8 ./src/Heating/HeaterMonitor.o
                0x00017bac                HeaterMonitor::HeaterMonitor()
                0x00017bac                HeaterMonitor::HeaterMonitor()
 .text._ZN13HeaterMonitor5CheckEm
                0x00017bb4       0x74 ./src/Heating/HeaterMonitor.o
                0x00017bb4                HeaterMonitor::Check(unsigned long)
 .text._ZNK11LocalHeater14GetTemperatureEv
                0x00017c28        0x8 ./src/Heating/LocalHeater.o
                0x00017c28                LocalHeater::GetTemperature() const
 .text._ZNK11LocalHeater14GetAccumulatorEv
                0x00017c30        0x8 ./src/Heating/LocalHeater.o
                0x00017c30                LocalHeater::GetAccumulator() const
 .text._ZN11LocalHeater15SetPwmFrequencyEtRK9StringRef
                0x00017c38        0x8 ./src/Heating/LocalHeater.o
                0x00017c38                LocalHeater::SetPwmFrequency(unsigned short, StringRef const&)
 .text._ZNK11LocalHeater13GetAveragePWMEv
                0x00017c40        0x8 ./src/Heating/LocalHeater.o
                0x00017c40                LocalHeater::GetAveragePWM() const
 .text._ZN11LocalHeater21SetDefaultHeaterModelER16CanMessageBuffer
                0x00017c48      0x138 ./src/Heating/LocalHeater.o
                0x00017c48                LocalHeater::SetDefaultHeaterModel(CanMessageBuffer&)
 .text._ZN11LocalHeater22ConfigurePortAndSensorEPKctjiRK9StringRef
                0x00017d80       0xa4 ./src/Heating/LocalHeater.o
                0x00017d80                LocalHeater::ConfigurePortAndSensor(char const*, unsigned short, unsigned int, int, StringRef const&)
 .text._ZNK11LocalHeater13ReportDetailsERK9StringRef
                0x00017e24       0x74 ./src/Heating/LocalHeater.o
                0x00017e24                LocalHeater::ReportDetails(StringRef const&) const
 .text._ZN11LocalHeater16ApplyFeedForwardERK29CanMessageHeaterFeedForwardV1RK9StringRef
                0x00017e98       0x88 ./src/Heating/LocalHeater.o
                0x00017e98                LocalHeater::ApplyFeedForward(CanMessageHeaterFeedForwardV1 const&, StringRef const&)
 .text._ZN11LocalHeater7SuspendEb
                0x00017f20       0x5c ./src/Heating/LocalHeater.o
                0x00017f20                LocalHeater::Suspend(bool)
 .text._ZN11LocalHeater8SwitchOnERK9StringRef
                0x00017f7c       0xe0 ./src/Heating/LocalHeater.o
                0x00017f7c                LocalHeater::SwitchOn(StringRef const&)
 .text._ZN11LocalHeater18GetTuningCycleDataER28CanMessageHeaterTuningReport
                0x0001805c       0x74 ./src/Heating/LocalHeater.o
                0x0001805c                LocalHeater::GetTuningCycleData(CanMessageHeaterTuningReport&)
 .text._ZN11LocalHeater16RaiseHeaterFaultE15HeaterFaultTypePKcz
                0x000180d0       0x58 ./src/Heating/LocalHeater.o
                0x000180d0                LocalHeater::RaiseHeaterFault(HeaterFaultType, char const*, ...)
 .text._ZN11LocalHeater11ResetHeaterEv
                0x00018128       0x38 ./src/Heating/LocalHeater.o
                0x00018128                LocalHeater::ResetHeater()
 .text._ZN11LocalHeaterC2Ej
                0x00018160       0x6c ./src/Heating/LocalHeater.o
                0x00018160                LocalHeater::LocalHeater(unsigned int)
                0x00018160                LocalHeater::LocalHeater(unsigned int)
 .text._ZN11LocalHeater9SwitchOffEv
                0x000181cc       0x38 ./src/Heating/LocalHeater.o
                0x000181cc                LocalHeater::SwitchOff()
 .text._ZN11LocalHeaterD2Ev
                0x00018204       0x58 ./src/Heating/LocalHeater.o
                0x00018204                LocalHeater::~LocalHeater()
                0x00018204                LocalHeater::~LocalHeater()
 .text._ZN11LocalHeaterD0Ev
                0x0001825c       0x60 ./src/Heating/LocalHeater.o
                0x0001825c                LocalHeater::~LocalHeater()
 .text._ZN11LocalHeater10ResetFaultEv
                0x000182bc       0x60 ./src/Heating/LocalHeater.o
                0x000182bc                LocalHeater::ResetFault()
 .text._ZN11LocalHeater13TuningCommandERK29CanMessageHeaterTuningCommandRK9StringRef
                0x0001831c      0x100 ./src/Heating/LocalHeater.o
                0x0001831c                LocalHeater::TuningCommand(CanMessageHeaterTuningCommand const&, StringRef const&)
 .text._ZN11LocalHeater12DoTuningStepEv
                0x0001841c      0x280 ./src/Heating/LocalHeater.o
                0x0001841c                LocalHeater::DoTuningStep()
 .text._ZN11LocalHeater4SpinEv
                0x0001869c      0x7c4 ./src/Heating/LocalHeater.o
                0x0001869c                LocalHeater::Spin()
 .text._Z10DeviceInitv
                0x00018e60       0x4c ./src/Hardware/SAME5x_C21/SAME5x/Devices.o
                0x00018e60                DeviceInit()
 .text.startup._GLOBAL__sub_I__Z10DeviceInitv
                0x00018eac       0x1c ./src/Hardware/SAME5x_C21/SAME5x/Devices.o
 .text._Z7AppInitv
                0x00018ec8        0x4 ./src/Hardware/SAME5x_C21/SAME5x/Main.o
                0x00018ec8                AppInit()
 .text._Z19AppGetXoscFrequencyv
                0x00018ecc        0x4 ./src/Hardware/SAME5x_C21/SAME5x/Main.o
                0x00018ecc                AppGetXoscFrequency()
 .text._Z16AppGetXoscNumberv
                0x00018ed0        0x4 ./src/Hardware/SAME5x_C21/SAME5x/Main.o
                0x00018ed0                AppGetXoscNumber()
 .text._Z13SoftwareReset19SoftwareResetReasonPKm
                0x00018ed4       0x60 ./src/Hardware/ExceptionHandlers.o
                0x00018ed4                SoftwareReset(SoftwareResetReason, unsigned long const*)
 .text._Z18OutOfMemoryHandlerv
                0x00018f34        0xc ./src/Hardware/ExceptionHandlers.o
                0x00018f34                OutOfMemoryHandler()
 .text.hardFaultDispatcher
                0x00018f40        0xc ./src/Hardware/ExceptionHandlers.o
                0x00018f40                hardFaultDispatcher
 .text.HardFault_Handler
                0x00018f4c       0x18 ./src/Hardware/ExceptionHandlers.o
                0x00018f4c                HardFault_Handler
 .text.wdtFaultDispatcher
                0x00018f64        0xc ./src/Hardware/ExceptionHandlers.o
                0x00018f64                wdtFaultDispatcher
 .text.WDT_Handler
                0x00018f70       0x18 ./src/Hardware/ExceptionHandlers.o
                0x00018f70                WDT_Handler
 .text.otherFaultDispatcher
                0x00018f88        0xc ./src/Hardware/ExceptionHandlers.o
                0x00018f88                otherFaultDispatcher
 .text.OtherFault_Handler
                0x00018f94       0x18 ./src/Hardware/ExceptionHandlers.o
                0x00018f94                OtherFault_Handler
                0x00018f94                DebugMon_Handler
 .text.NMI_Handler
                0x00018fac        0xc ./src/Hardware/ExceptionHandlers.o
                0x00018fac                NMI_Handler
 .text.UsageFault_Handler
                0x00018fb8        0xc ./src/Hardware/ExceptionHandlers.o
                0x00018fb8                UsageFault_Handler
 .text.stackOverflowDispatcher
                0x00018fc4        0xc ./src/Hardware/ExceptionHandlers.o
                0x00018fc4                stackOverflowDispatcher
 .text.vApplicationStackOverflowHook
                0x00018fd0        0xc ./src/Hardware/ExceptionHandlers.o
                0x00018fd0                vApplicationStackOverflowHook
 .text.assertCalledDispatcher
                0x00018fdc        0xc ./src/Hardware/ExceptionHandlers.o
                0x00018fdc                assertCalledDispatcher
 .text.vAssertCalled
                0x00018fe8        0xc ./src/Hardware/ExceptionHandlers.o
                0x00018fe8                vAssertCalled
 .text.__cxa_pure_virtual
                0x00018ff4        0xc ./src/Hardware/ExceptionHandlers.o
                0x00018ff4                __cxa_pure_virtual
 .text._ZNK6IoPort13AppendPinNameERK9StringRefb.constprop.0
                0x00019000       0xe8 ./src/Hardware/IoPorts.o
 .text._ZN6IoPort4InitEv
                0x000190e8       0x24 ./src/Hardware/IoPorts.o
                0x000190e8                IoPort::Init()
 .text._ZN6IoPortC2Ev
                0x0001910c       0x10 ./src/Hardware/IoPorts.o
                0x0001910c                IoPort::IoPort()
                0x0001910c                IoPort::IoPort()
 .text._ZN6IoPort7ReleaseEv
                0x0001911c       0x58 ./src/Hardware/IoPorts.o
                0x0001911c                IoPort::Release()
 .text._ZNK6IoPort15AttachInterruptEPDoFv17CallbackParameterE13InterruptModeS0_
                0x00019174       0x28 ./src/Hardware/IoPorts.o
                0x00019174                IoPort::AttachInterrupt(void (*)(CallbackParameter) noexcept, InterruptMode, CallbackParameter) const
 .text._ZNK6IoPort15DetachInterruptEv
                0x0001919c       0x14 ./src/Hardware/IoPorts.o
                0x0001919c                IoPort::DetachInterrupt() const
 .text._ZN6IoPort17SetAnalogCallbackEPDoFv17CallbackParameterlES0_m
                0x000191b0       0x34 ./src/Hardware/IoPorts.o
                0x000191b0                IoPort::SetAnalogCallback(void (*)(CallbackParameter, long) noexcept, CallbackParameter, unsigned long)
 .text._ZN6IoPort19ClearAnalogCallbackEv
                0x000191e4       0x28 ./src/Hardware/IoPorts.o
                0x000191e4                IoPort::ClearAnalogCallback()
 .text._ZN6IoPort7SetModeE9PinAccess
                0x0001920c       0xc0 ./src/Hardware/IoPorts.o
                0x0001920c                IoPort::SetMode(PinAccess)
 .text._ZNK6IoPort12WriteDigitalEb
                0x000192cc       0x18 ./src/Hardware/IoPorts.o
                0x000192cc                IoPort::WriteDigital(bool) const
 .text._ZNK6IoPort11ReadDigitalEv
                0x000192e4       0x20 ./src/Hardware/IoPorts.o
                0x000192e4                IoPort::ReadDigital() const
 .text._ZNK6IoPort10ReadAnalogEv
                0x00019304       0x38 ./src/Hardware/IoPorts.o
                0x00019304                IoPort::ReadAnalog() const
 .text._ZNK6IoPort18AppendBasicDetailsERK9StringRef
                0x0001933c       0x64 ./src/Hardware/IoPorts.o
                0x0001933c                IoPort::AppendBasicDetails(StringRef const&) const
 .text._ZNK6IoPort13AppendPinNameERK9StringRefb
                0x000193a0       0xf0 ./src/Hardware/IoPorts.o
                0x000193a0                IoPort::AppendPinName(StringRef const&, bool) const
 .text._ZN6IoPort13LookupPinNameEPKcRhRbS3_
                0x00019490       0xc8 ./src/Hardware/IoPorts.o
                0x00019490                IoPort::LookupPinName(char const*, unsigned char&, bool&, bool&)
 .text._ZN6IoPort8AllocateEPKcRK9StringRef9PinUsedBy9PinAccess
                0x00019558      0x150 ./src/Hardware/IoPorts.o
                0x00019558                IoPort::Allocate(char const*, StringRef const&, PinUsedBy, PinAccess)
 .text._ZN6IoPort11AssignPortsEPKcRK9StringRef9PinUsedByjPKPS_PK9PinAccess
                0x000196a8      0x150 ./src/Hardware/IoPorts.o
                0x000196a8                IoPort::AssignPorts(char const*, StringRef const&, PinUsedBy, unsigned int, IoPort* const*, PinAccess const*)
 .text._ZN6IoPort13PinToAdcInputEhb
                0x000197f8       0x1c ./src/Hardware/IoPorts.o
                0x000197f8                IoPort::PinToAdcInput(unsigned char, bool)
 .text._ZN6IoPort12WriteDigitalEhb
                0x00019814        0xc ./src/Hardware/IoPorts.o
                0x00019814                IoPort::WriteDigital(unsigned char, bool)
 .text._ZN7PwmPortC2Ev
                0x00019820       0x14 ./src/Hardware/IoPorts.o
                0x00019820                PwmPort::PwmPort()
                0x00019820                PwmPort::PwmPort()
 .text._ZNK7PwmPort15AppendFrequencyERK9StringRef
                0x00019834       0x18 ./src/Hardware/IoPorts.o
                0x00019834                PwmPort::AppendFrequency(StringRef const&) const
 .text._ZNK7PwmPort17AppendFullDetailsERK9StringRef
                0x0001984c       0x78 ./src/Hardware/IoPorts.o
                0x0001984c                PwmPort::AppendFullDetails(StringRef const&) const
 .text._ZNK7PwmPort11WriteAnalogEf
                0x000198c4       0x20 ./src/Hardware/IoPorts.o
                0x000198c4                PwmPort::WriteAnalog(float) const
 .text._ZN17NonVolatileMemoryC2E7NvmPage
                0x000198e4        0xc ./src/Hardware/NonVolatileMemory.o
                0x000198e4                NonVolatileMemory::NonVolatileMemory(NvmPage)
                0x000198e4                NonVolatileMemory::NonVolatileMemory(NvmPage)
 .text._ZN17NonVolatileMemory13EnsureWrittenEv
                0x000198f0       0x3c ./src/Hardware/NonVolatileMemory.o
                0x000198f0                NonVolatileMemory::EnsureWritten()
 .text._ZN17NonVolatileMemory23GetLastWrittenResetDataERj
                0x0001992c       0x94 ./src/Hardware/NonVolatileMemory.o
                0x0001992c                NonVolatileMemory::GetLastWrittenResetData(unsigned int&)
 .text._ZN17NonVolatileMemory21AllocateResetDataSlotEv
                0x000199c0       0xb8 ./src/Hardware/NonVolatileMemory.o
                0x000199c0                NonVolatileMemory::AllocateResetDataSlot()
 .text._ZN17NonVolatileMemory33GetClosedLoopCalibrationDataValidEv
                0x00019a78       0x68 ./src/Hardware/NonVolatileMemory.o
                0x00019a78                NonVolatileMemory::GetClosedLoopCalibrationDataValid()
 .text._ZN17NonVolatileMemory36SetClosedLoopCalibrationDataNotValidEv
                0x00019ae0       0xa0 ./src/Hardware/NonVolatileMemory.o
                0x00019ae0                NonVolatileMemory::SetClosedLoopCalibrationDataNotValid()
 .text._ZN17NonVolatileMemory27GetClosedLoopHarmonicValuesEv
                0x00019b80       0x60 ./src/Hardware/NonVolatileMemory.o
                0x00019b80                NonVolatileMemory::GetClosedLoopHarmonicValues()
 .text._ZN17NonVolatileMemory26SetClosedLoopHarmonicValueEjf
                0x00019be0       0xa8 ./src/Hardware/NonVolatileMemory.o
                0x00019be0                NonVolatileMemory::SetClosedLoopHarmonicValue(unsigned int, float)
 .text._ZN17NonVolatileMemory39GetClosedLoopZeroCountPhaseAndDirectionERmRb
                0x00019c88       0x80 ./src/Hardware/NonVolatileMemory.o
                0x00019c88                NonVolatileMemory::GetClosedLoopZeroCountPhaseAndDirection(unsigned long&, bool&)
 .text._ZN17NonVolatileMemory39SetClosedLoopZeroCountPhaseAndDirectionEmb
                0x00019d08      0x148 ./src/Hardware/NonVolatileMemory.o
                0x00019d08                NonVolatileMemory::SetClosedLoopZeroCountPhaseAndDirection(unsigned long, bool)
 .text._ZNK17SoftwareResetData8IsVacantEv
                0x00019e50       0x1c ./src/Hardware/SoftwareReset.o
                0x00019e50                SoftwareResetData::IsVacant() const
 .text._ZN17SoftwareResetData5ClearEv
                0x00019e6c        0x8 ./src/Hardware/SoftwareReset.o
                0x00019e6c                SoftwareResetData::Clear()
 .text._ZN17SoftwareResetData8PopulateEtPKm
                0x00019e74      0x110 ./src/Hardware/SoftwareReset.o
                0x00019e74                SoftwareResetData::Populate(unsigned short, unsigned long const*)
 .text._ZNK17SoftwareResetData10PrintPart1EjRK9StringRef
                0x00019f84      0x21c ./src/Hardware/SoftwareReset.o
                0x00019f84                SoftwareResetData::PrintPart1(unsigned int, StringRef const&) const
 .text._ZNK17SoftwareResetData10PrintPart2ERK9StringRef
                0x0001a1a0       0x38 ./src/Hardware/SoftwareReset.o
                0x0001a1a0                SoftwareResetData::PrintPart2(StringRef const&) const
 .text.__tcf_0  0x0001a1d8       0x1c ./src/GPIO/GpioPorts.o
 .text._ZN9GpioPorts14HandleM950GpioERK17CanMessageGenericRK9StringRef
                0x0001a1f4      0x11c ./src/GPIO/GpioPorts.o
                0x0001a1f4                GpioPorts::HandleM950Gpio(CanMessageGeneric const&, StringRef const&)
 .text._ZN9GpioPorts15HandleGpioWriteERK19CanMessageWriteGpioRK9StringRef
                0x0001a310       0x34 ./src/GPIO/GpioPorts.o
                0x0001a310                GpioPorts::HandleGpioWrite(CanMessageWriteGpio const&, StringRef const&)
 .text.startup._GLOBAL__sub_I__ZN9GpioPorts14HandleM950GpioERK17CanMessageGenericRK9StringRef
                0x0001a344       0x30 ./src/GPIO/GpioPorts.o
 .text._ZN21Duet3DFilamentMonitor9InterruptEv
                0x0001a374       0x6c ./src/FilamentMonitors/Duet3DFilamentMonitor.o
                0x0001a374                Duet3DFilamentMonitor::Interrupt()
 .text._ZN21Duet3DFilamentMonitorC2Ejj
                0x0001a3e0       0x30 ./src/FilamentMonitors/Duet3DFilamentMonitor.o
                0x0001a3e0                Duet3DFilamentMonitor::Duet3DFilamentMonitor(unsigned int, unsigned int)
                0x0001a3e0                Duet3DFilamentMonitor::Duet3DFilamentMonitor(unsigned int, unsigned int)
 .text._ZN21Duet3DFilamentMonitor17InitReceiveBufferEv
                0x0001a410       0x1c ./src/FilamentMonitors/Duet3DFilamentMonitor.o
                0x0001a410                Duet3DFilamentMonitor::InitReceiveBuffer()
 .text._ZN21Duet3DFilamentMonitor17PollReceiveBufferERt
                0x0001a42c      0x310 ./src/FilamentMonitors/Duet3DFilamentMonitor.o
                0x0001a42c                Duet3DFilamentMonitor::PollReceiveBuffer(unsigned short&)
 .text._ZNK21Duet3DFilamentMonitor11IsReceivingEv
                0x0001a73c       0x10 ./src/FilamentMonitors/Duet3DFilamentMonitor.o
                0x0001a73c                Duet3DFilamentMonitor::IsReceiving() const
 .text._ZNK21Duet3DFilamentMonitor20IsWaitingForStartBitEv
                0x0001a74c        0xc ./src/FilamentMonitors/Duet3DFilamentMonitor.o
                0x0001a74c                Duet3DFilamentMonitor::IsWaitingForStartBit() const
 .text._ZN15FilamentMonitor7DisableEv
                0x0001a758        0x8 ./src/FilamentMonitors/FilamentMonitor.o
                0x0001a758                FilamentMonitor::Disable()
 .text._ZN15FilamentMonitor14InterruptEntryE17CallbackParameter
                0x0001a760       0x58 ./src/FilamentMonitors/FilamentMonitor.o
                0x0001a760                FilamentMonitor::InterruptEntry(CallbackParameter)
 .text._ZN15FilamentMonitorC2Ehj
                0x0001a7b8       0x24 ./src/FilamentMonitors/FilamentMonitor.o
                0x0001a7b8                FilamentMonitor::FilamentMonitor(unsigned char, unsigned int)
                0x0001a7b8                FilamentMonitor::FilamentMonitor(unsigned char, unsigned int)
 .text._ZN15FilamentMonitorD2Ev
                0x0001a7dc       0x18 ./src/FilamentMonitors/FilamentMonitor.o
                0x0001a7dc                FilamentMonitor::~FilamentMonitor()
                0x0001a7dc                FilamentMonitor::~FilamentMonitor()
 .text._ZN15FilamentMonitor15CommonConfigureERK23CanMessageGenericParserRK9StringRef13InterruptModeRb
                0x0001a7f4       0x98 ./src/FilamentMonitors/FilamentMonitor.o
                0x0001a7f4                FilamentMonitor::CommonConfigure(CanMessageGenericParser const&, StringRef const&, InterruptMode, bool&)
 .text._ZN15FilamentMonitor6CreateERK31CanMessageCreateFilamentMonitorRK9StringRef
                0x0001a88c       0xf0 ./src/FilamentMonitors/FilamentMonitor.o
                0x0001a88c                FilamentMonitor::Create(CanMessageCreateFilamentMonitor const&, StringRef const&)
 .text._ZN15FilamentMonitor6DeleteERK31CanMessageDeleteFilamentMonitorRK9StringRef
                0x0001a97c       0x78 ./src/FilamentMonitors/FilamentMonitor.o
                0x0001a97c                FilamentMonitor::Delete(CanMessageDeleteFilamentMonitor const&, StringRef const&)
 .text._ZN15FilamentMonitor9ConfigureERK17CanMessageGenericRK9StringRef
                0x0001a9f4       0x84 ./src/FilamentMonitors/FilamentMonitor.o
                0x0001a9f4                FilamentMonitor::Configure(CanMessageGeneric const&, StringRef const&)
 .text._ZN15FilamentMonitor4SpinEv
                0x0001aa78      0x1ac ./src/FilamentMonitors/FilamentMonitor.o
                0x0001aa78                FilamentMonitor::Spin()
 .text._ZN15FilamentMonitor14GetDiagnosticsERK9StringRef
                0x0001ac24       0xb4 ./src/FilamentMonitors/FilamentMonitor.o
                0x0001ac24                FilamentMonitor::GetDiagnostics(StringRef const&)
 .text.startup._GLOBAL__sub_I__ZN15FilamentMonitor20filamentMonitorsLockE
                0x0001acd8       0x10 ./src/FilamentMonitors/FilamentMonitor.o
 .text._ZN20LaserFilamentMonitor11DiagnosticsERK9StringRef
                0x0001ace8       0xcc ./src/FilamentMonitors/LaserFilamentMonitor.o
                0x0001ace8                LaserFilamentMonitor::Diagnostics(StringRef const&)
 .text._ZN20LaserFilamentMonitorD2Ev
                0x0001adb4       0x14 ./src/FilamentMonitors/LaserFilamentMonitor.o
                0x0001adb4                LaserFilamentMonitor::~LaserFilamentMonitor()
                0x0001adb4                LaserFilamentMonitor::~LaserFilamentMonitor()
 .text._ZN20LaserFilamentMonitorD0Ev
                0x0001adc8       0x20 ./src/FilamentMonitors/LaserFilamentMonitor.o
                0x0001adc8                LaserFilamentMonitor::~LaserFilamentMonitor()
 .text._ZNK20LaserFilamentMonitor11GetLiveDataER21FilamentMonitorDataV2
                0x0001ade8      0x13c ./src/FilamentMonitors/LaserFilamentMonitor.o
                0x0001ade8                LaserFilamentMonitor::GetLiveData(FilamentMonitorDataV2&) const
 .text._ZN20LaserFilamentMonitor9ConfigureERK23CanMessageGenericParserRK9StringRef
                0x0001af24      0x32c ./src/FilamentMonitors/LaserFilamentMonitor.o
                0x0001af24                LaserFilamentMonitor::Configure(CanMessageGenericParser const&, StringRef const&)
 .text._ZN20LaserFilamentMonitorC2Ejj
                0x0001b250       0x98 ./src/FilamentMonitors/LaserFilamentMonitor.o
                0x0001b250                LaserFilamentMonitor::LaserFilamentMonitor(unsigned int, unsigned int)
                0x0001b250                LaserFilamentMonitor::LaserFilamentMonitor(unsigned int, unsigned int)
 .text._ZN20LaserFilamentMonitor18HandleIncomingDataEv
                0x0001b2e8      0x1e4 ./src/FilamentMonitors/LaserFilamentMonitor.o
                0x0001b2e8                LaserFilamentMonitor::HandleIncomingData()
 .text._ZN20LaserFilamentMonitor5ClearEv
                0x0001b4cc       0x6c ./src/FilamentMonitors/LaserFilamentMonitor.o
                0x0001b4cc                LaserFilamentMonitor::Clear()
 .text._ZN20LaserFilamentMonitor13CheckFilamentEffb
                0x0001b538      0x114 ./src/FilamentMonitors/LaserFilamentMonitor.o
                0x0001b538                LaserFilamentMonitor::CheckFilament(float, float, bool)
 .text._ZN20LaserFilamentMonitor5CheckEbbmf
                0x0001b64c      0x114 ./src/FilamentMonitors/LaserFilamentMonitor.o
                0x0001b64c                LaserFilamentMonitor::Check(bool, bool, unsigned long, float)
 .text._ZNK21PulsedFilamentMonitor11GetLiveDataER21FilamentMonitorDataV2
                0x0001b760       0x28 ./src/FilamentMonitors/PulsedFilamentMonitor.o
                0x0001b760                PulsedFilamentMonitor::GetLiveData(FilamentMonitorDataV2&) const
 .text._ZN21PulsedFilamentMonitor9ConfigureERK23CanMessageGenericParserRK9StringRef
                0x0001b788      0x20c ./src/FilamentMonitors/PulsedFilamentMonitor.o
                0x0001b788                PulsedFilamentMonitor::Configure(CanMessageGenericParser const&, StringRef const&)
 .text._ZN21PulsedFilamentMonitor9InterruptEv
                0x0001b994       0x38 ./src/FilamentMonitors/PulsedFilamentMonitor.o
                0x0001b994                PulsedFilamentMonitor::Interrupt()
 .text._ZN21PulsedFilamentMonitorD2Ev
                0x0001b9cc       0x14 ./src/FilamentMonitors/PulsedFilamentMonitor.o
                0x0001b9cc                PulsedFilamentMonitor::~PulsedFilamentMonitor()
                0x0001b9cc                PulsedFilamentMonitor::~PulsedFilamentMonitor()
 .text._ZN21PulsedFilamentMonitorD0Ev
                0x0001b9e0       0x1c ./src/FilamentMonitors/PulsedFilamentMonitor.o
                0x0001b9e0                PulsedFilamentMonitor::~PulsedFilamentMonitor()
 .text._ZN21PulsedFilamentMonitor5ClearEv
                0x0001b9fc       0x60 ./src/FilamentMonitors/PulsedFilamentMonitor.o
                0x0001b9fc                PulsedFilamentMonitor::Clear()
 .text._ZN21PulsedFilamentMonitor11DiagnosticsERK9StringRef
                0x0001ba5c       0xb0 ./src/FilamentMonitors/PulsedFilamentMonitor.o
                0x0001ba5c                PulsedFilamentMonitor::Diagnostics(StringRef const&)
 .text._ZN21PulsedFilamentMonitorC2Ejj
                0x0001bb0c       0x50 ./src/FilamentMonitors/PulsedFilamentMonitor.o
                0x0001bb0c                PulsedFilamentMonitor::PulsedFilamentMonitor(unsigned int, unsigned int)
                0x0001bb0c                PulsedFilamentMonitor::PulsedFilamentMonitor(unsigned int, unsigned int)
 .text._ZN21PulsedFilamentMonitor13CheckFilamentEffb
                0x0001bb5c       0xd4 ./src/FilamentMonitors/PulsedFilamentMonitor.o
                0x0001bb5c                PulsedFilamentMonitor::CheckFilament(float, float, bool)
 .text._ZN21PulsedFilamentMonitor5CheckEbbmf
                0x0001bc30      0x154 ./src/FilamentMonitors/PulsedFilamentMonitor.o
                0x0001bc30                PulsedFilamentMonitor::Check(bool, bool, unsigned long, float)
 .text._ZN29RotatingMagnetFilamentMonitor11DiagnosticsERK9StringRef
                0x0001bd84       0x7c ./src/FilamentMonitors/RotatingMagnetFilamentMonitor.o
                0x0001bd84                RotatingMagnetFilamentMonitor::Diagnostics(StringRef const&)
 .text._ZN29RotatingMagnetFilamentMonitorD2Ev
                0x0001be00       0x14 ./src/FilamentMonitors/RotatingMagnetFilamentMonitor.o
                0x0001be00                RotatingMagnetFilamentMonitor::~RotatingMagnetFilamentMonitor()
                0x0001be00                RotatingMagnetFilamentMonitor::~RotatingMagnetFilamentMonitor()
 .text._ZN29RotatingMagnetFilamentMonitorD0Ev
                0x0001be14       0x20 ./src/FilamentMonitors/RotatingMagnetFilamentMonitor.o
                0x0001be14                RotatingMagnetFilamentMonitor::~RotatingMagnetFilamentMonitor()
 .text._ZNK29RotatingMagnetFilamentMonitor11GetLiveDataER21FilamentMonitorDataV2
                0x0001be34      0x140 ./src/FilamentMonitors/RotatingMagnetFilamentMonitor.o
                0x0001be34                RotatingMagnetFilamentMonitor::GetLiveData(FilamentMonitorDataV2&) const
 .text._ZN29RotatingMagnetFilamentMonitor9ConfigureERK23CanMessageGenericParserRK9StringRef
                0x0001bf74      0x384 ./src/FilamentMonitors/RotatingMagnetFilamentMonitor.o
                0x0001bf74                RotatingMagnetFilamentMonitor::Configure(CanMessageGenericParser const&, StringRef const&)
 .text._ZN29RotatingMagnetFilamentMonitorC2Ejj
                0x0001c2f8       0x9c ./src/FilamentMonitors/RotatingMagnetFilamentMonitor.o
                0x0001c2f8                RotatingMagnetFilamentMonitor::RotatingMagnetFilamentMonitor(unsigned int, unsigned int)
                0x0001c2f8                RotatingMagnetFilamentMonitor::RotatingMagnetFilamentMonitor(unsigned int, unsigned int)
 .text._ZN29RotatingMagnetFilamentMonitor18HandleIncomingDataEv
                0x0001c394      0x204 ./src/FilamentMonitors/RotatingMagnetFilamentMonitor.o
                0x0001c394                RotatingMagnetFilamentMonitor::HandleIncomingData()
 .text._ZN29RotatingMagnetFilamentMonitor5ClearEv
                0x0001c598       0x6c ./src/FilamentMonitors/RotatingMagnetFilamentMonitor.o
                0x0001c598                RotatingMagnetFilamentMonitor::Clear()
 .text._ZN29RotatingMagnetFilamentMonitor13CheckFilamentEffb
                0x0001c604      0x11c ./src/FilamentMonitors/RotatingMagnetFilamentMonitor.o
                0x0001c604                RotatingMagnetFilamentMonitor::CheckFilament(float, float, bool)
 .text._ZN29RotatingMagnetFilamentMonitor5CheckEbbmf
                0x0001c720      0x114 ./src/FilamentMonitors/RotatingMagnetFilamentMonitor.o
                0x0001c720                RotatingMagnetFilamentMonitor::Check(bool, bool, unsigned long, float)
 .text._ZNK21SimpleFilamentMonitor11GetLiveDataER21FilamentMonitorDataV2
                0x0001c834       0x18 ./src/FilamentMonitors/SimpleFilamentMonitor.o
                0x0001c834                SimpleFilamentMonitor::GetLiveData(FilamentMonitorDataV2&) const
 .text._ZN21SimpleFilamentMonitor9InterruptEv
                0x0001c84c        0xc ./src/FilamentMonitors/SimpleFilamentMonitor.o
                0x0001c84c                SimpleFilamentMonitor::Interrupt()
 .text._ZN21SimpleFilamentMonitor5CheckEbbmf
                0x0001c858       0x34 ./src/FilamentMonitors/SimpleFilamentMonitor.o
                0x0001c858                SimpleFilamentMonitor::Check(bool, bool, unsigned long, float)
 .text._ZN21SimpleFilamentMonitor5ClearEv
                0x0001c88c       0x34 ./src/FilamentMonitors/SimpleFilamentMonitor.o
                0x0001c88c                SimpleFilamentMonitor::Clear()
 .text._ZN21SimpleFilamentMonitor11DiagnosticsERK9StringRef
                0x0001c8c0       0x3c ./src/FilamentMonitors/SimpleFilamentMonitor.o
                0x0001c8c0                SimpleFilamentMonitor::Diagnostics(StringRef const&)
 .text._ZN21SimpleFilamentMonitorD2Ev
                0x0001c8fc       0x14 ./src/FilamentMonitors/SimpleFilamentMonitor.o
                0x0001c8fc                SimpleFilamentMonitor::~SimpleFilamentMonitor()
                0x0001c8fc                SimpleFilamentMonitor::~SimpleFilamentMonitor()
 .text._ZN21SimpleFilamentMonitorD0Ev
                0x0001c910       0x1c ./src/FilamentMonitors/SimpleFilamentMonitor.o
                0x0001c910                SimpleFilamentMonitor::~SimpleFilamentMonitor()
 .text._ZN21SimpleFilamentMonitor9ConfigureERK23CanMessageGenericParserRK9StringRef
                0x0001c92c       0xec ./src/FilamentMonitors/SimpleFilamentMonitor.o
                0x0001c92c                SimpleFilamentMonitor::Configure(CanMessageGenericParser const&, StringRef const&)
 .text._ZN21SimpleFilamentMonitorC2Ejj
                0x0001ca18       0x28 ./src/FilamentMonitors/SimpleFilamentMonitor.o
                0x0001ca18                SimpleFilamentMonitor::SimpleFilamentMonitor(unsigned int, unsigned int)
                0x0001ca18                SimpleFilamentMonitor::SimpleFilamentMonitor(unsigned int, unsigned int)
 .text._ZN3FanC2Ej
                0x0001ca40       0x4c ./src/Fans/Fan.o
                0x0001ca40                Fan::Fan(unsigned int)
                0x0001ca40                Fan::Fan(unsigned int)
 .text._ZN3Fan9ConfigureERK23CanMessageFanParametersRK9StringRef
                0x0001ca8c       0x40 ./src/Fans/Fan.o
                0x0001ca8c                Fan::Configure(CanMessageFanParameters const&, StringRef const&)
 .text._ZN3Fan6SetPwmEf
                0x0001cacc        0xc ./src/Fans/Fan.o
                0x0001cacc                Fan::SetPwm(float)
 .text._ZN8LocalFan15SetPwmFrequencyEt
                0x0001cad8        0x4 ./src/Fans/FansManager.o
                0x0001cad8                LocalFan::SetPwmFrequency(unsigned short)
 .text._ZN11FansManager9CheckFansEb
                0x0001cadc       0x40 ./src/Fans/FansManager.o
                0x0001cadc                FansManager::CheckFans(bool)
 .text._ZN11FansManager16ConfigureFanPortERK17CanMessageGenericRK9StringRef
                0x0001cb1c      0x1c0 ./src/Fans/FansManager.o
                0x0001cb1c                FansManager::ConfigureFanPort(CanMessageGeneric const&, StringRef const&)
 .text._ZN11FansManager12ConfigureFanERK23CanMessageFanParametersRK9StringRef
                0x0001ccdc       0x60 ./src/Fans/FansManager.o
                0x0001ccdc                FansManager::ConfigureFan(CanMessageFanParameters const&, StringRef const&)
 .text._ZN11FansManager11SetFanSpeedERK21CanMessageSetFanSpeedRK9StringRef
                0x0001cd3c       0x64 ./src/Fans/FansManager.o
                0x0001cd3c                FansManager::SetFanSpeed(CanMessageSetFanSpeed const&, StringRef const&)
 .text._ZN11FansManager18PopulateFansReportER20CanMessageFansReport
                0x0001cda0       0xb4 ./src/Fans/FansManager.o
                0x0001cda0                FansManager::PopulateFansReport(CanMessageFansReport&)
 .text.startup._GLOBAL__sub_I__ZN11FansManager9CheckFansEb
                0x0001ce54       0x10 ./src/Fans/FansManager.o
 .text._ZNK8LocalFan9IsEnabledEv
                0x0001ce64        0xc ./src/Fans/LocalFan.o
                0x0001ce64                LocalFan::IsEnabled() const
 .text._ZN8LocalFan20SetTachoPulsesPerRevEf
                0x0001ce70       0x18 ./src/Fans/LocalFan.o
                0x0001ce70                LocalFan::SetTachoPulsesPerRev(float)
 .text._ZN8LocalFan22UpdateFanConfigurationERK9StringRef
                0x0001ce88       0x10 ./src/Fans/LocalFan.o
                0x0001ce88                LocalFan::UpdateFanConfiguration(StringRef const&)
 .text._ZN8LocalFan5CheckEb
                0x0001ce98       0x2c ./src/Fans/LocalFan.o
                0x0001ce98                LocalFan::Check(bool)
 .text._ZN8LocalFanD2Ev
                0x0001cec4       0x40 ./src/Fans/LocalFan.o
                0x0001cec4                LocalFan::~LocalFan()
                0x0001cec4                LocalFan::~LocalFan()
 .text._ZN8LocalFan6GetRPMEv
                0x0001cf04       0x38 ./src/Fans/LocalFan.o
                0x0001cf04                LocalFan::GetRPM()
 .text._ZNK8LocalFan17ReportPortDetailsERK9StringRef
                0x0001cf3c       0x7c ./src/Fans/LocalFan.o
                0x0001cf3c                LocalFan::ReportPortDetails(StringRef const&) const
 .text._Z12FanInterrupt17CallbackParameter
                0x0001cfb8       0x24 ./src/Fans/LocalFan.o
                0x0001cfb8                FanInterrupt(CallbackParameter)
 .text._ZN8LocalFan7RefreshEb
                0x0001cfdc      0x2b8 ./src/Fans/LocalFan.o
                0x0001cfdc                LocalFan::Refresh(bool)
 .text._ZN8LocalFanD0Ev
                0x0001d294       0x48 ./src/Fans/LocalFan.o
                0x0001d294                LocalFan::~LocalFan()
 .text._ZN8LocalFanC2Ej
                0x0001d2dc       0x30 ./src/Fans/LocalFan.o
                0x0001d2dc                LocalFan::LocalFan(unsigned int)
                0x0001d2dc                LocalFan::LocalFan(unsigned int)
 *fill*         0x0001d30c        0x4 
 .text._ZN8LocalFan11AssignPortsEPKcRK9StringRef
                0x0001d310       0x94 ./src/Fans/LocalFan.o
                0x0001d310                LocalFan::AssignPorts(char const*, StringRef const&)
 .text._ZN6StringILj500EE6printfEPKcz
                0x0001d3a4       0x28 ./src/CommandProcessing/CommandProcessor.o
                0x0001d3a4                String<500u>::printf(char const*, ...)
 .text._ZN16CommandProcessor4SpinEv
                0x0001d3cc      0xacc ./src/CommandProcessing/CommandProcessor.o
                0x0001d3cc                CommandProcessor::Spin()
 .text._ZN20CustomCommandHandler11ProcessM655ER17CanMessageGenericRK9StringRef
                0x0001de98      0x11c ./src/CommandProcessing/CustomCommandHandler.o
                0x0001de98                CustomCommandHandler::ProcessM655(CanMessageGeneric&, StringRef const&)
 .text._ZNK7Encoder20GetCurrentShaftCountEv
                0x0001dfb4        0x4 ./src/ClosedLoop/Encoders/AS5047D.o
                0x0001dfb4                Encoder::GetCurrentShaftCount() const
 .text._ZN21AbsoluteRotaryEncoder27SetKnownPhaseAtCurrentCountEm
                0x0001dfb8        0x4 ./src/ClosedLoop/Encoders/AS5047D.o
                0x0001dfb8                AbsoluteRotaryEncoder::SetKnownPhaseAtCurrentCount(unsigned long)
 .text._ZN21AbsoluteRotaryEncoder18SetTuningBackwardsEb
                0x0001dfbc        0x4 ./src/ClosedLoop/Encoders/AS5047D.o
                0x0001dfbc                AbsoluteRotaryEncoder::SetTuningBackwards(bool)
 .text._ZNK21AbsoluteRotaryEncoder15UsesCalibrationEv
                0x0001dfc0        0x4 ./src/ClosedLoop/Encoders/AS5047D.o
                0x0001dfc0                AbsoluteRotaryEncoder::UsesCalibration() const
 .text._ZNK21AbsoluteRotaryEncoder15UsesBasicTuningEv
                0x0001dfc4        0x4 ./src/ClosedLoop/Encoders/AS5047D.o
                0x0001dfc4                AbsoluteRotaryEncoder::UsesBasicTuning() const
 .text._ZN21AbsoluteRotaryEncoder23SetForwardTuningResultsEfff
                0x0001dfc8        0x4 ./src/ClosedLoop/Encoders/AS5047D.o
                0x0001dfc8                AbsoluteRotaryEncoder::SetForwardTuningResults(float, float, float)
 .text._ZN21AbsoluteRotaryEncoder23SetReverseTuningResultsEfff
                0x0001dfcc        0x4 ./src/ClosedLoop/Encoders/AS5047D.o
                0x0001dfcc                AbsoluteRotaryEncoder::SetReverseTuningResults(float, float, float)
 .text._ZN21AbsoluteRotaryEncoder17ProcessTuningDataEb
                0x0001dfd0        0x4 ./src/ClosedLoop/Encoders/AS5047D.o
                0x0001dfd0                AbsoluteRotaryEncoder::ProcessTuningData(bool)
 .text._ZNK7AS5047D7GetTypeEv
                0x0001dfd4        0x8 ./src/ClosedLoop/Encoders/AS5047D.o
                0x0001dfd4                AS5047D::GetType() const
 .text._ZN7AS5047D6EnableEv
                0x0001dfdc       0x10 ./src/ClosedLoop/Encoders/AS5047D.o
                0x0001dfdc                AS5047D::Enable()
                0x0001dfdc                AS5047D::Disable()
 .text._ZN7AS5047DD2Ev
                0x0001dfec       0x20 ./src/ClosedLoop/Encoders/AS5047D.o
                0x0001dfec                AS5047D::~AS5047D()
                0x0001dfec                AS5047D::~AS5047D()
 .text._ZN7AS5047DD0Ev
                0x0001e00c       0x34 ./src/ClosedLoop/Encoders/AS5047D.o
                0x0001e00c                AS5047D::~AS5047D()
 .text._ZN7AS5047D13GetRawReadingEv